Archive member included to satisfy reference by file (symbol)

/Applications/microchip/xc32/v3.01/bin/bin/../../lib/gcc/pic32mx/8.3.1/libgcc.a(floatunsidf.o)
                              OC_PWMhw.o (__floatunsidf)
/Applications/microchip/xc32/v3.01/bin/bin/../../lib/gcc/pic32mx/8.3.1/../../../../pic32mx/lib/libpic32.a(default-bootstrap-exception-handler.o)
                              /var/folders/rl/v0l0t_251jb45gqjr4s1vn500000gn/T//ccLOfaXS.o (_bootstrap_exception_handler)
/Applications/microchip/xc32/v3.01/bin/bin/../../lib/gcc/pic32mx/8.3.1/../../../../pic32mx/lib/libpic32.a(default-on-reset.o)
                              /var/folders/rl/v0l0t_251jb45gqjr4s1vn500000gn/T//ccLOfaXS.o (_on_reset)
/Applications/microchip/xc32/v3.01/bin/bin/../../lib/gcc/pic32mx/8.3.1/../../../../pic32mx/lib/libpic32.a(default-on-bootstrap.o)
                              /var/folders/rl/v0l0t_251jb45gqjr4s1vn500000gn/T//ccLOfaXS.o (_on_bootstrap)
/Applications/microchip/xc32/v3.01/bin/bin/../../lib/gcc/pic32mx/8.3.1/../../../../pic32mx/lib/libpic32.a(default-nmi-handler.o)
                              /var/folders/rl/v0l0t_251jb45gqjr4s1vn500000gn/T//ccLOfaXS.o (_nmi_handler)
/Applications/microchip/xc32/v3.01/bin/bin/../../lib/gcc/pic32mx/8.3.1/../../../../pic32mx/lib/libpic32.a(pic32_data_init.o)
                              /var/folders/rl/v0l0t_251jb45gqjr4s1vn500000gn/T//ccLOfaXS.o (__pic32_data_init)
/Applications/microchip/xc32/v3.01/bin/bin/../../lib/gcc/pic32mx/8.3.1/../../../../pic32mx/lib/libpic32.a(general-exception.o)
                              /var/folders/rl/v0l0t_251jb45gqjr4s1vn500000gn/T//ccLOfaXS.o (_general_exception_context)
/Applications/microchip/xc32/v3.01/bin/bin/../../lib/gcc/pic32mx/8.3.1/../../../../pic32mx/lib/libpic32.a(vector0.o)
                              /var/folders/rl/v0l0t_251jb45gqjr4s1vn500000gn/T//ccBwu1Sn.o (__vector_dispatch_0)
/Applications/microchip/xc32/v3.01/bin/bin/../../lib/gcc/pic32mx/8.3.1/../../../../pic32mx/lib/libpic32.a(vector1.o)
                              /var/folders/rl/v0l0t_251jb45gqjr4s1vn500000gn/T//ccBwu1Sn.o (__vector_dispatch_1)
/Applications/microchip/xc32/v3.01/bin/bin/../../lib/gcc/pic32mx/8.3.1/../../../../pic32mx/lib/libpic32.a(vector2.o)
                              /var/folders/rl/v0l0t_251jb45gqjr4s1vn500000gn/T//ccBwu1Sn.o (__vector_dispatch_2)
/Applications/microchip/xc32/v3.01/bin/bin/../../lib/gcc/pic32mx/8.3.1/../../../../pic32mx/lib/libpic32.a(vector3.o)
                              /var/folders/rl/v0l0t_251jb45gqjr4s1vn500000gn/T//ccBwu1Sn.o (__vector_dispatch_3)
/Applications/microchip/xc32/v3.01/bin/bin/../../lib/gcc/pic32mx/8.3.1/../../../../pic32mx/lib/libpic32.a(vector4.o)
                              /var/folders/rl/v0l0t_251jb45gqjr4s1vn500000gn/T//ccBwu1Sn.o (__vector_dispatch_4)
/Applications/microchip/xc32/v3.01/bin/bin/../../lib/gcc/pic32mx/8.3.1/../../../../pic32mx/lib/libpic32.a(vector5.o)
                              /var/folders/rl/v0l0t_251jb45gqjr4s1vn500000gn/T//ccBwu1Sn.o (__vector_dispatch_5)
/Applications/microchip/xc32/v3.01/bin/bin/../../lib/gcc/pic32mx/8.3.1/../../../../pic32mx/lib/libpic32.a(vector6.o)
                              /var/folders/rl/v0l0t_251jb45gqjr4s1vn500000gn/T//ccBwu1Sn.o (__vector_dispatch_6)
/Applications/microchip/xc32/v3.01/bin/bin/../../lib/gcc/pic32mx/8.3.1/../../../../pic32mx/lib/libpic32.a(vector7.o)
                              /var/folders/rl/v0l0t_251jb45gqjr4s1vn500000gn/T//ccBwu1Sn.o (__vector_dispatch_7)
/Applications/microchip/xc32/v3.01/bin/bin/../../lib/gcc/pic32mx/8.3.1/../../../../pic32mx/lib/libpic32.a(vector9.o)
                              /var/folders/rl/v0l0t_251jb45gqjr4s1vn500000gn/T//ccBwu1Sn.o (__vector_dispatch_9)
/Applications/microchip/xc32/v3.01/bin/bin/../../lib/gcc/pic32mx/8.3.1/../../../../pic32mx/lib/libpic32.a(vector10.o)
                              /var/folders/rl/v0l0t_251jb45gqjr4s1vn500000gn/T//ccBwu1Sn.o (__vector_dispatch_10)
/Applications/microchip/xc32/v3.01/bin/bin/../../lib/gcc/pic32mx/8.3.1/../../../../pic32mx/lib/libpic32.a(vector11.o)
                              /var/folders/rl/v0l0t_251jb45gqjr4s1vn500000gn/T//ccBwu1Sn.o (__vector_dispatch_11)
/Applications/microchip/xc32/v3.01/bin/bin/../../lib/gcc/pic32mx/8.3.1/../../../../pic32mx/lib/libpic32.a(vector12.o)
                              /var/folders/rl/v0l0t_251jb45gqjr4s1vn500000gn/T//ccBwu1Sn.o (__vector_dispatch_12)
/Applications/microchip/xc32/v3.01/bin/bin/../../lib/gcc/pic32mx/8.3.1/../../../../pic32mx/lib/libpic32.a(vector13.o)
                              /var/folders/rl/v0l0t_251jb45gqjr4s1vn500000gn/T//ccBwu1Sn.o (__vector_dispatch_13)
/Applications/microchip/xc32/v3.01/bin/bin/../../lib/gcc/pic32mx/8.3.1/../../../../pic32mx/lib/libpic32.a(vector14.o)
                              /var/folders/rl/v0l0t_251jb45gqjr4s1vn500000gn/T//ccBwu1Sn.o (__vector_dispatch_14)
[...]
Memory Configuration

Name             Origin             Length             Attributes
exception_mem    0x000000009d000000 0x0000000000001000
kseg0_boot_mem   0x000000009d001000 0x0000000000000970
kseg1_boot_mem   0x00000000bd001970 0x0000000000000490
kseg0_program_mem 0x000000009d001e00 0x000000000007e200 xr
debug_exec_mem   0x00000000bfc02000 0x0000000000000ff0
config3          0x00000000bfc02ff0 0x0000000000000004
config2          0x00000000bfc02ff4 0x0000000000000004
config1          0x00000000bfc02ff8 0x0000000000000004
config0          0x00000000bfc02ffc 0x0000000000000004
configsfrs       0x00000000bfc02ff0 0x0000000000000010
sfrs             0x00000000bf800000 0x0000000000100000
kseg1_data_mem   0x00000000a0000000 0x0000000000020000 w !x
*default*        0x0000000000000000 0xffffffffffffffff

Linker script and memory map

LOAD /Applications/microchip/xc32/v3.01/bin/bin/../../lib/gcc/pic32mx/8.3.1/../../../../pic32mx/lib/debug-exception-return.o
LOAD NU32.o
LOAD OC_PWMhw.o
                0x0000000000000400                PROVIDE (_min_stack_size = 0x400)
                0x0000000000000000                PROVIDE (_min_heap_size = 0x0)
LOAD /Applications/microchip/xc32/v3.01/bin/bin/../../lib/gcc/pic32mx/8.3.1/../../../../pic32mx/lib/./proc/32MX795F512H/processor.o
                0x0000000000000001                PROVIDE (_vector_spacing = 0x1)
                0x000000009d000000                _ebase_address = 0x9d000000
                0x00000000bd001970                _RESET_ADDR = 0xbd001970
                0x00000000bd001cf0                _BEV_EXCPT_ADDR = 0xbd001cf0
                0x00000000bd001df0                _DBG_EXCPT_ADDR = 0xbd001df0
                0x00000000bfc02000                _DBG_CODE_ADDR = 0xbfc02000
                0x0000000000000ff0                _DBG_CODE_SIZE = 0xff0
                0x000000009d000180                _GEN_EXCPT_ADDR = (_ebase_address + 0x180)

.config_BFC02FF0
                0x00000000bfc02ff0        0x4
 *(.config_BFC02FF0)
 .config_BFC02FF0
                0x00000000bfc02ff0        0x4 NU32.o
                0x00000000bfc02ff0                __config_BFC02FF0

.config_BFC02FF4
                0x00000000bfc02ff4        0x4
 *(.config_BFC02FF4)
 .config_BFC02FF4
                0x00000000bfc02ff4        0x4 NU32.o
                0x00000000bfc02ff4                __config_BFC02FF4

.config_BFC02FF8
                0x00000000bfc02ff8        0x4
 *(.config_BFC02FF8)
 .config_BFC02FF8
                0x00000000bfc02ff8        0x4 NU32.o
                0x00000000bfc02ff8                __config_BFC02FF8

.config_BFC02FFC
                0x00000000bfc02ffc        0x4
 *(.config_BFC02FFC)
 .config_BFC02FFC
                0x00000000bfc02ffc        0x4 NU32.o
                0x00000000bfc02ffc                __config_BFC02FFC
                [!provide]                        PROVIDE (_DBG_CODE_ADDR = 0xbfc02000)
                [!provide]                        PROVIDE (_DBG_CODE_SIZE = 0xff0)

.reset          0x00000000bd001970      0x19c
 *(.reset)
 .reset         0x00000000bd001970        0x8 /var/folders/rl/v0l0t_251jb45gqjr4s1vn500000gn/T//ccLOfaXS.o
                0x00000000bd001970                _reset
 *(.reset.startup)
 .reset.startup
                0x00000000bd001978      0x194 /var/folders/rl/v0l0t_251jb45gqjr4s1vn500000gn/T//ccLOfaXS.o
                0x00000000bd001978                _startup

.bev_excpt      0x00000000bd001cf0       0x10
 *(.bev_handler)
 .bev_handler   0x00000000bd001cf0       0x10 /var/folders/rl/v0l0t_251jb45gqjr4s1vn500000gn/T//ccLOfaXS.o

.dbg_excpt      0x00000000bd001df0        0x0
                0x00000000bd001df0                . = (. + DEFINED (_DEBUGGER)?0x8:0x0)

.dbg_code       0x00000000bfc02000        0x0
                0x00000000bfc02000                . = (. + DEFINED (_DEBUGGER)?_DBG_CODE_SIZE:0x0)

.app_excpt      0x000000009d000180       0x10
 *(.gen_handler)
 .gen_handler   0x000000009d000180       0x10 /var/folders/rl/v0l0t_251jb45gqjr4s1vn500000gn/T//ccLOfaXS.o

.vector_0       0x000000009d000200        0x8
 *(.vector_0)
 .vector_0      0x000000009d000200        0x8 /Applications/microchip/xc32/v3.01/bin/bin/../../lib/gcc/pic32mx/8.3.1/../../../../pic32mx/lib/libpic32.a(vector0.o)
                0x000000009d000200                __vector_dispatch_0
                0x0000000000000001                ASSERT (((_vector_spacing == 0x0) || (SIZEOF (.vector_0) <= (_vector_spacing << 0x5))), function at exception vector 0 too large)

.vector_1       0x000000009d000220        0x8
 *(.vector_1)
 .vector_1      0x000000009d000220        0x8 /Applications/microchip/xc32/v3.01/bin/bin/../../lib/gcc/pic32mx/8.3.1/../../../../pic32mx/lib/libpic32.a(vector1.o)
                0x000000009d000220                __vector_dispatch_1
                0x0000000000000001                ASSERT (((_vector_spacing == 0x0) || (SIZEOF (.vector_1) <= (_vector_spacing << 0x5))), function at exception vector 1 too large)

.vector_2       0x000000009d000240        0x8
 *(.vector_2)
 .vector_2      0x000000009d000240        0x8 /Applications/microchip/xc32/v3.01/bin/bin/../../lib/gcc/pic32mx/8.3.1/../../../../pic32mx/lib/libpic32.a(vector2.o)
                0x000000009d000240                __vector_dispatch_2
                0x0000000000000001                ASSERT (((_vector_spacing == 0x0) || (SIZEOF (.vector_2) <= (_vector_spacing << 0x5))), function at exception vector 2 too large)

.vector_3       0x000000009d000260        0x8
 *(.vector_3)
 .vector_3      0x000000009d000260        0x8 /Applications/microchip/xc32/v3.01/bin/bin/../../lib/gcc/pic32mx/8.3.1/../../../../pic32mx/lib/libpic32.a(vector3.o)
                0x000000009d000260                __vector_dispatch_3
                0x0000000000000001                ASSERT (((_vector_spacing == 0x0) || (SIZEOF (.vector_3) <= (_vector_spacing << 0x5))), function at exception vector 3 too large)

.vector_4       0x000000009d000280        0x8
 *(.vector_4)
 .vector_4      0x000000009d000280        0x8 /Applications/microchip/xc32/v3.01/bin/bin/../../lib/gcc/pic32mx/8.3.1/../../../../pic32mx/lib/libpic32.a(vector4.o)
                0x000000009d000280                __vector_dispatch_4
                0x0000000000000001                ASSERT (((_vector_spacing == 0x0) || (SIZEOF (.vector_4) <= (_vector_spacing << 0x5))), function at exception vector 4 too large)

.vector_5       0x000000009d0002a0        0x8
 *(.vector_5)
 .vector_5      0x000000009d0002a0        0x8 /Applications/microchip/xc32/v3.01/bin/bin/../../lib/gcc/pic32mx/8.3.1/../../../../pic32mx/lib/libpic32.a(vector5.o)
                0x000000009d0002a0                __vector_dispatch_5
                0x0000000000000001                ASSERT (((_vector_spacing == 0x0) || (SIZEOF (.vector_5) <= (_vector_spacing << 0x5))), function at exception vector 5 too large)

.vector_6       0x000000009d0002c0        0x8
 *(.vector_6)
 .vector_6      0x000000009d0002c0        0x8 /Applications/microchip/xc32/v3.01/bin/bin/../../lib/gcc/pic32mx/8.3.1/../../../../pic32mx/lib/libpic32.a(vector6.o)
                0x000000009d0002c0                __vector_dispatch_6
                0x0000000000000001                ASSERT (((_vector_spacing == 0x0) || (SIZEOF (.vector_6) <= (_vector_spacing << 0x5))), function at exception vector 6 too large)

.vector_7       0x000000009d0002e0        0x8
 *(.vector_7)
 .vector_7      0x000000009d0002e0        0x8 /Applications/microchip/xc32/v3.01/bin/bin/../../lib/gcc/pic32mx/8.3.1/../../../../pic32mx/lib/libpic32.a(vector7.o)
                0x000000009d0002e0                __vector_dispatch_7
                0x0000000000000001                ASSERT (((_vector_spacing == 0x0) || (SIZEOF (.vector_7) <= (_vector_spacing << 0x5))), function at exception vector 7 too large)

.vector_8       0x000000009d000300        0x8
 *(.vector_8)
 .vector_8      0x000000009d000300        0x8 OC_PWMhw.o
                0x000000009d000300                __vector_dispatch_8
                0x0000000000000001                ASSERT (((_vector_spacing == 0x0) || (SIZEOF (.vector_8) <= (_vector_spacing << 0x5))), function at exception vector 8 too large)

.vector_9       0x000000009d000320        0x8
 *(.vector_9)
 .vector_9      0x000000009d000320        0x8 /Applications/microchip/xc32/v3.01/bin/bin/../../lib/gcc/pic32mx/8.3.1/../../../../pic32mx/lib/libpic32.a(vector9.o)
                0x000000009d000320                __vector_dispatch_9
                0x0000000000000001                ASSERT (((_vector_spacing == 0x0) || (SIZEOF (.vector_9) <= (_vector_spacing << 0x5))), function at exception vector 9 too large)

.vector_10      0x000000009d000340        0x8
 *(.vector_10)
 .vector_10     0x000000009d000340        0x8 /Applications/microchip/xc32/v3.01/bin/bin/../../lib/gcc/pic32mx/8.3.1/../../../../pic32mx/lib/libpic32.a(vector10.o)
                0x000000009d000340                __vector_dispatch_10
                0x0000000000000001                ASSERT (((_vector_spacing == 0x0) || (SIZEOF (.vector_10) <= (_vector_spacing << 0x5))), function at exception vector 10 too large)

.vector_11      0x000000009d000360        0x8
 *(.vector_11)
 .vector_11     0x000000009d000360        0x8 /Applications/microchip/xc32/v3.01/bin/bin/../../lib/gcc/pic32mx/8.3.1/../../../../pic32mx/lib/libpic32.a(vector11.o)
                0x000000009d000360                __vector_dispatch_11
                0x0000000000000001                ASSERT (((_vector_spacing == 0x0) || (SIZEOF (.vector_11) <= (_vector_spacing << 0x5))), function at exception vector 11 too large)

.vector_12      0x000000009d000380        0x8
 *(.vector_12)
 .vector_12     0x000000009d000380        0x8 /Applications/microchip/xc32/v3.01/bin/bin/../../lib/gcc/pic32mx/8.3.1/../../../../pic32mx/lib/libpic32.a(vector12.o)
                0x000000009d000380                __vector_dispatch_12
                0x0000000000000001                ASSERT (((_vector_spacing == 0x0) || (SIZEOF (.vector_12) <= (_vector_spacing << 0x5))), function at exception vector 12 too large)

.vector_13      0x000000009d0003a0        0x8
 *(.vector_13)
 .vector_13     0x000000009d0003a0        0x8 /Applications/microchip/xc32/v3.01/bin/bin/../../lib/gcc/pic32mx/8.3.1/../../../../pic32mx/lib/libpic32.a(vector13.o)
                0x000000009d0003a0                __vector_dispatch_13
                0x0000000000000001                ASSERT (((_vector_spacing == 0x0) || (SIZEOF (.vector_13) <= (_vector_spacing << 0x5))), function at exception vector 13 too large)

.vector_14      0x000000009d0003c0        0x8
 *(.vector_14)
 .vector_14     0x000000009d0003c0        0x8 /Applications/microchip/xc32/v3.01/bin/bin/../../lib/gcc/pic32mx/8.3.1/../../../../pic32mx/lib/libpic32.a(vector14.o)
                0x000000009d0003c0                __vector_dispatch_14
                0x0000000000000001                ASSERT (((_vector_spacing == 0x0) || (SIZEOF (.vector_14) <= (_vector_spacing << 0x5))), function at exception vector 14 too large)

.vector_15      0x000000009d0003e0        0x8
 *(.vector_15)
 .vector_15     0x000000009d0003e0        0x8 /Applications/microchip/xc32/v3.01/bin/bin/../../lib/gcc/pic32mx/8.3.1/../../../../pic32mx/lib/libpic32.a(vector15.o)
                0x000000009d0003e0                __vector_dispatch_15
                0x0000000000000001                ASSERT (((_vector_spacing == 0x0) || (SIZEOF (.vector_15) <= (_vector_spacing << 0x5))), function at exception vector 15 too large)

.vector_16      0x000000009d000400        0x8
 *(.vector_16)
 .vector_16     0x000000009d000400        0x8 /Applications/microchip/xc32/v3.01/bin/bin/../../lib/gcc/pic32mx/8.3.1/../../../../pic32mx/lib/libpic32.a(vector16.o)
                0x000000009d000400                __vector_dispatch_16
                0x0000000000000001                ASSERT (((_vector_spacing == 0x0) || (SIZEOF (.vector_16) <= (_vector_spacing << 0x5))), function at exception vector 16 too large)

.vector_17      0x000000009d000420        0x8
 *(.vector_17)
 .vector_17     0x000000009d000420        0x8 /Applications/microchip/xc32/v3.01/bin/bin/../../lib/gcc/pic32mx/8.3.1/../../../../pic32mx/lib/libpic32.a(vector17.o)
                0x000000009d000420                __vector_dispatch_17
                0x0000000000000001                ASSERT (((_vector_spacing == 0x0) || (SIZEOF (.vector_17) <= (_vector_spacing << 0x5))), function at exception vector 17 too large)

.vector_18      0x000000009d000440        0x8
 *(.vector_18)
 .vector_18     0x000000009d000440        0x8 /Applications/microchip/xc32/v3.01/bin/bin/../../lib/gcc/pic32mx/8.3.1/../../../../pic32mx/lib/libpic32.a(vector18.o)
                0x000000009d000440                __vector_dispatch_18
                0x0000000000000001                ASSERT (((_vector_spacing == 0x0) || (SIZEOF (.vector_18) <= (_vector_spacing << 0x5))), function at exception vector 18 too large)

.vector_19      0x000000009d000460        0x8
 *(.vector_19)
 .vector_19     0x000000009d000460        0x8 /Applications/microchip/xc32/v3.01/bin/bin/../../lib/gcc/pic32mx/8.3.1/../../../../pic32mx/lib/libpic32.a(vector19.o)
                0x000000009d000460                __vector_dispatch_19
                0x0000000000000001                ASSERT (((_vector_spacing == 0x0) || (SIZEOF (.vector_19) <= (_vector_spacing << 0x5))), function at exception vector 19 too large)

.vector_20      0x000000009d000480        0x8
 *(.vector_20)
 .vector_20     0x000000009d000480        0x8 /Applications/microchip/xc32/v3.01/bin/bin/../../lib/gcc/pic32mx/8.3.1/../../../../pic32mx/lib/libpic32.a(vector20.o)
                0x000000009d000480                __vector_dispatch_20
                0x0000000000000001                ASSERT (((_vector_spacing == 0x0) || (SIZEOF (.vector_20) <= (_vector_spacing << 0x5))), function at exception vector 20 too large)

.vector_21      0x000000009d0004a0        0x8
 *(.vector_21)
 .vector_21     0x000000009d0004a0        0x8 /Applications/microchip/xc32/v3.01/bin/bin/../../lib/gcc/pic32mx/8.3.1/../../../../pic32mx/lib/libpic32.a(vector21.o)
                0x000000009d0004a0                __vector_dispatch_21
                0x0000000000000001                ASSERT (((_vector_spacing == 0x0) || (SIZEOF (.vector_21) <= (_vector_spacing << 0x5))), function at exception vector 21 too large)

.vector_22      0x000000009d0004c0        0x8
 *(.vector_22)
 .vector_22     0x000000009d0004c0        0x8 /Applications/microchip/xc32/v3.01/bin/bin/../../lib/gcc/pic32mx/8.3.1/../../../../pic32mx/lib/libpic32.a(vector22.o)
                0x000000009d0004c0                __vector_dispatch_22
                0x0000000000000001                ASSERT (((_vector_spacing == 0x0) || (SIZEOF (.vector_22) <= (_vector_spacing << 0x5))), function at exception vector 22 too large)

.vector_23      0x000000009d0004e0        0x8
 *(.vector_23)
 .vector_23     0x000000009d0004e0        0x8 /Applications/microchip/xc32/v3.01/bin/bin/../../lib/gcc/pic32mx/8.3.1/../../../../pic32mx/lib/libpic32.a(vector23.o)
                0x000000009d0004e0                __vector_dispatch_23
                0x0000000000000001                ASSERT (((_vector_spacing == 0x0) || (SIZEOF (.vector_23) <= (_vector_spacing << 0x5))), function at exception vector 23 too large)

.vector_24      0x000000009d000500        0x8
 *(.vector_24)
 .vector_24     0x000000009d000500        0x8 /Applications/microchip/xc32/v3.01/bin/bin/../../lib/gcc/pic32mx/8.3.1/../../../../pic32mx/lib/libpic32.a(vector24.o)
                0x000000009d000500                __vector_dispatch_24
                0x0000000000000001                ASSERT (((_vector_spacing == 0x0) || (SIZEOF (.vector_24) <= (_vector_spacing << 0x5))), function at exception vector 24 too large)

.vector_25      0x000000009d000520        0x8
 *(.vector_25)
 .vector_25     0x000000009d000520        0x8 /Applications/microchip/xc32/v3.01/bin/bin/../../lib/gcc/pic32mx/8.3.1/../../../../pic32mx/lib/libpic32.a(vector25.o)
                0x000000009d000520                __vector_dispatch_25
                0x0000000000000001                ASSERT (((_vector_spacing == 0x0) || (SIZEOF (.vector_25) <= (_vector_spacing << 0x5))), function at exception vector 25 too large)

.vector_26      0x000000009d000540        0x8
 *(.vector_26)
 .vector_26     0x000000009d000540        0x8 /Applications/microchip/xc32/v3.01/bin/bin/../../lib/gcc/pic32mx/8.3.1/../../../../pic32mx/lib/libpic32.a(vector26.o)
                0x000000009d000540                __vector_dispatch_26
                0x0000000000000001                ASSERT (((_vector_spacing == 0x0) || (SIZEOF (.vector_26) <= (_vector_spacing << 0x5))), function at exception vector 26 too large)

.vector_27      0x000000009d000560        0x8
 *(.vector_27)
 .vector_27     0x000000009d000560        0x8 /Applications/microchip/xc32/v3.01/bin/bin/../../lib/gcc/pic32mx/8.3.1/../../../../pic32mx/lib/libpic32.a(vector27.o)
                0x000000009d000560                __vector_dispatch_27
                0x0000000000000001                ASSERT (((_vector_spacing == 0x0) || (SIZEOF (.vector_27) <= (_vector_spacing << 0x5))), function at exception vector 27 too large)

.vector_28      0x000000009d000580        0x8
 *(.vector_28)
 .vector_28     0x000000009d000580        0x8 /Applications/microchip/xc32/v3.01/bin/bin/../../lib/gcc/pic32mx/8.3.1/../../../../pic32mx/lib/libpic32.a(vector28.o)
                0x000000009d000580                __vector_dispatch_28
                0x0000000000000001                ASSERT (((_vector_spacing == 0x0) || (SIZEOF (.vector_28) <= (_vector_spacing << 0x5))), function at exception vector 28 too large)

.vector_29      0x000000009d0005a0        0x8
 *(.vector_29)
 .vector_29     0x000000009d0005a0        0x8 /Applications/microchip/xc32/v3.01/bin/bin/../../lib/gcc/pic32mx/8.3.1/../../../../pic32mx/lib/libpic32.a(vector29.o)
                0x000000009d0005a0                __vector_dispatch_29
                0x0000000000000001                ASSERT (((_vector_spacing == 0x0) || (SIZEOF (.vector_29) <= (_vector_spacing << 0x5))), function at exception vector 29 too large)

.vector_30      0x000000009d0005c0        0x8
 *(.vector_30)
 .vector_30     0x000000009d0005c0        0x8 /Applications/microchip/xc32/v3.01/bin/bin/../../lib/gcc/pic32mx/8.3.1/../../../../pic32mx/lib/libpic32.a(vector30.o)
                0x000000009d0005c0                __vector_dispatch_30
                0x0000000000000001                ASSERT (((_vector_spacing == 0x0) || (SIZEOF (.vector_30) <= (_vector_spacing << 0x5))), function at exception vector 30 too large)

.vector_31      0x000000009d0005e0        0x8
 *(.vector_31)
 .vector_31     0x000000009d0005e0        0x8 /Applications/microchip/xc32/v3.01/bin/bin/../../lib/gcc/pic32mx/8.3.1/../../../../pic32mx/lib/libpic32.a(vector31.o)
                0x000000009d0005e0                __vector_dispatch_31
                0x0000000000000001                ASSERT (((_vector_spacing == 0x0) || (SIZEOF (.vector_31) <= (_vector_spacing << 0x5))), function at exception vector 31 too large)

.vector_32      0x000000009d000600        0x8
 *(.vector_32)
 .vector_32     0x000000009d000600        0x8 /Applications/microchip/xc32/v3.01/bin/bin/../../lib/gcc/pic32mx/8.3.1/../../../../pic32mx/lib/libpic32.a(vector32.o)
                0x000000009d000600                __vector_dispatch_32
                0x0000000000000001                ASSERT (((_vector_spacing == 0x0) || (SIZEOF (.vector_32) <= (_vector_spacing << 0x5))), function at exception vector 32 too large)

.vector_33      0x000000009d000620        0x8
 *(.vector_33)
 .vector_33     0x000000009d000620        0x8 /Applications/microchip/xc32/v3.01/bin/bin/../../lib/gcc/pic32mx/8.3.1/../../../../pic32mx/lib/libpic32.a(vector33.o)
                0x000000009d000620                __vector_dispatch_33
                0x0000000000000001                ASSERT (((_vector_spacing == 0x0) || (SIZEOF (.vector_33) <= (_vector_spacing << 0x5))), function at exception vector 33 too large)

.vector_34      0x000000009d000640        0x8
 *(.vector_34)
 .vector_34     0x000000009d000640        0x8 /Applications/microchip/xc32/v3.01/bin/bin/../../lib/gcc/pic32mx/8.3.1/../../../../pic32mx/lib/libpic32.a(vector34.o)
                0x000000009d000640                __vector_dispatch_34
                0x0000000000000001                ASSERT (((_vector_spacing == 0x0) || (SIZEOF (.vector_34) <= (_vector_spacing << 0x5))), function at exception vector 34 too large)

.vector_35      0x000000009d000660        0x8
 *(.vector_35)
 .vector_35     0x000000009d000660        0x8 /Applications/microchip/xc32/v3.01/bin/bin/../../lib/gcc/pic32mx/8.3.1/../../../../pic32mx/lib/libpic32.a(vector35.o)
                0x000000009d000660                __vector_dispatch_35
                0x0000000000000001                ASSERT (((_vector_spacing == 0x0) || (SIZEOF (.vector_35) <= (_vector_spacing << 0x5))), function at exception vector 35 too large)

.vector_36      0x000000009d000680        0x8
 *(.vector_36)
 .vector_36     0x000000009d000680        0x8 /Applications/microchip/xc32/v3.01/bin/bin/../../lib/gcc/pic32mx/8.3.1/../../../../pic32mx/lib/libpic32.a(vector36.o)
                0x000000009d000680                __vector_dispatch_36
                0x0000000000000001                ASSERT (((_vector_spacing == 0x0) || (SIZEOF (.vector_36) <= (_vector_spacing << 0x5))), function at exception vector 36 too large)

.vector_37      0x000000009d0006a0        0x8
 *(.vector_37)
 .vector_37     0x000000009d0006a0        0x8 /Applications/microchip/xc32/v3.01/bin/bin/../../lib/gcc/pic32mx/8.3.1/../../../../pic32mx/lib/libpic32.a(vector37.o)
                0x000000009d0006a0                __vector_dispatch_37
                0x0000000000000001                ASSERT (((_vector_spacing == 0x0) || (SIZEOF (.vector_37) <= (_vector_spacing << 0x5))), function at exception vector 37 too large)

.vector_38      0x000000009d0006c0        0x8
 *(.vector_38)
 .vector_38     0x000000009d0006c0        0x8 /Applications/microchip/xc32/v3.01/bin/bin/../../lib/gcc/pic32mx/8.3.1/../../../../pic32mx/lib/libpic32.a(vector38.o)
                0x000000009d0006c0                __vector_dispatch_38
                0x0000000000000001                ASSERT (((_vector_spacing == 0x0) || (SIZEOF (.vector_38) <= (_vector_spacing << 0x5))), function at exception vector 38 too large)

.vector_39      0x000000009d0006e0        0x8
 *(.vector_39)
 .vector_39     0x000000009d0006e0        0x8 /Applications/microchip/xc32/v3.01/bin/bin/../../lib/gcc/pic32mx/8.3.1/../../../../pic32mx/lib/libpic32.a(vector39.o)
                0x000000009d0006e0                __vector_dispatch_39
                0x0000000000000001                ASSERT (((_vector_spacing == 0x0) || (SIZEOF (.vector_39) <= (_vector_spacing << 0x5))), function at exception vector 39 too large)

.vector_40      0x000000009d000700        0x8
 *(.vector_40)
 .vector_40     0x000000009d000700        0x8 /Applications/microchip/xc32/v3.01/bin/bin/../../lib/gcc/pic32mx/8.3.1/../../../../pic32mx/lib/libpic32.a(vector40.o)
                0x000000009d000700                __vector_dispatch_40
                0x0000000000000001                ASSERT (((_vector_spacing == 0x0) || (SIZEOF (.vector_40) <= (_vector_spacing << 0x5))), function at exception vector 40 too large)

.vector_41      0x000000009d000720        0x8
 *(.vector_41)
 .vector_41     0x000000009d000720        0x8 /Applications/microchip/xc32/v3.01/bin/bin/../../lib/gcc/pic32mx/8.3.1/../../../../pic32mx/lib/libpic32.a(vector41.o)
                0x000000009d000720                __vector_dispatch_41
                0x0000000000000001                ASSERT (((_vector_spacing == 0x0) || (SIZEOF (.vector_41) <= (_vector_spacing << 0x5))), function at exception vector 41 too large)

.vector_42      0x000000009d000740        0x8
 *(.vector_42)
 .vector_42     0x000000009d000740        0x8 /Applications/microchip/xc32/v3.01/bin/bin/../../lib/gcc/pic32mx/8.3.1/../../../../pic32mx/lib/libpic32.a(vector42.o)
                0x000000009d000740                __vector_dispatch_42
                0x0000000000000001                ASSERT (((_vector_spacing == 0x0) || (SIZEOF (.vector_42) <= (_vector_spacing << 0x5))), function at exception vector 42 too large)

.vector_43      0x000000009d000760        0x8
 *(.vector_43)
 .vector_43     0x000000009d000760        0x8 /Applications/microchip/xc32/v3.01/bin/bin/../../lib/gcc/pic32mx/8.3.1/../../../../pic32mx/lib/libpic32.a(vector43.o)
                0x000000009d000760                __vector_dispatch_43
                0x0000000000000001                ASSERT (((_vector_spacing == 0x0) || (SIZEOF (.vector_43) <= (_vector_spacing << 0x5))), function at exception vector 43 too large)

.vector_44      0x000000009d000780        0x8
 *(.vector_44)
 .vector_44     0x000000009d000780        0x8 /Applications/microchip/xc32/v3.01/bin/bin/../../lib/gcc/pic32mx/8.3.1/../../../../pic32mx/lib/libpic32.a(vector44.o)
                0x000000009d000780                __vector_dispatch_44
                0x0000000000000001                ASSERT (((_vector_spacing == 0x0) || (SIZEOF (.vector_44) <= (_vector_spacing << 0x5))), function at exception vector 44 too large)

.vector_45      0x000000009d0007a0        0x8
 *(.vector_45)
 .vector_45     0x000000009d0007a0        0x8 /Applications/microchip/xc32/v3.01/bin/bin/../../lib/gcc/pic32mx/8.3.1/../../../../pic32mx/lib/libpic32.a(vector45.o)
                0x000000009d0007a0                __vector_dispatch_45
                0x0000000000000001                ASSERT (((_vector_spacing == 0x0) || (SIZEOF (.vector_45) <= (_vector_spacing << 0x5))), function at exception vector 45 too large)

.vector_46      0x000000009d0007c0        0x8
 *(.vector_46)
 .vector_46     0x000000009d0007c0        0x8 /Applications/microchip/xc32/v3.01/bin/bin/../../lib/gcc/pic32mx/8.3.1/../../../../pic32mx/lib/libpic32.a(vector46.o)
                0x000000009d0007c0                __vector_dispatch_46
                0x0000000000000001                ASSERT (((_vector_spacing == 0x0) || (SIZEOF (.vector_46) <= (_vector_spacing << 0x5))), function at exception vector 46 too large)

.vector_47      0x000000009d0007e0        0x8
 *(.vector_47)
 .vector_47     0x000000009d0007e0        0x8 /Applications/microchip/xc32/v3.01/bin/bin/../../lib/gcc/pic32mx/8.3.1/../../../../pic32mx/lib/libpic32.a(vector47.o)
                0x000000009d0007e0                __vector_dispatch_47
                0x0000000000000001                ASSERT (((_vector_spacing == 0x0) || (SIZEOF (.vector_47) <= (_vector_spacing << 0x5))), function at exception vector 47 too large)

.vector_48      0x000000009d000800        0x8
 *(.vector_48)
 .vector_48     0x000000009d000800        0x8 /Applications/microchip/xc32/v3.01/bin/bin/../../lib/gcc/pic32mx/8.3.1/../../../../pic32mx/lib/libpic32.a(vector48.o)
                0x000000009d000800                __vector_dispatch_48
                0x0000000000000001                ASSERT (((_vector_spacing == 0x0) || (SIZEOF (.vector_48) <= (_vector_spacing << 0x5))), function at exception vector 48 too large)

.vector_49      0x000000009d000820        0x8
 *(.vector_49)
 .vector_49     0x000000009d000820        0x8 /Applications/microchip/xc32/v3.01/bin/bin/../../lib/gcc/pic32mx/8.3.1/../../../../pic32mx/lib/libpic32.a(vector49.o)
                0x000000009d000820                __vector_dispatch_49
                0x0000000000000001                ASSERT (((_vector_spacing == 0x0) || (SIZEOF (.vector_49) <= (_vector_spacing << 0x5))), function at exception vector 49 too large)

.vector_50      0x000000009d000840        0x8
 *(.vector_50)
 .vector_50     0x000000009d000840        0x8 /Applications/microchip/xc32/v3.01/bin/bin/../../lib/gcc/pic32mx/8.3.1/../../../../pic32mx/lib/libpic32.a(vector50.o)
                0x000000009d000840                __vector_dispatch_50
                0x0000000000000001                ASSERT (((_vector_spacing == 0x0) || (SIZEOF (.vector_50) <= (_vector_spacing << 0x5))), function at exception vector 50 too large)

.vector_51      0x000000009d000860        0x8
 *(.vector_51)
 .vector_51     0x000000009d000860        0x8 /Applications/microchip/xc32/v3.01/bin/bin/../../lib/gcc/pic32mx/8.3.1/../../../../pic32mx/lib/libpic32.a(vector51.o)
                0x000000009d000860                __vector_dispatch_51
                0x0000000000000001                ASSERT (((_vector_spacing == 0x0) || (SIZEOF (.vector_51) <= (_vector_spacing << 0x5))), function at exception vector 51 too large)

.vector_52      0x000000009d000880        0x0
 *(.vector_52)
                0x0000000000000001                ASSERT (((_vector_spacing == 0x0) || (SIZEOF (.vector_52) <= (_vector_spacing << 0x5))), function at exception vector 52 too large)

.vector_53      0x000000009d0008a0        0x0
 *(.vector_53)
                0x0000000000000001                ASSERT (((_vector_spacing == 0x0) || (SIZEOF (.vector_53) <= (_vector_spacing << 0x5))), function at exception vector 53 too large)

.vector_54      0x000000009d0008c0        0x0
 *(.vector_54)
                0x0000000000000001                ASSERT (((_vector_spacing == 0x0) || (SIZEOF (.vector_54) <= (_vector_spacing << 0x5))), function at exception vector 54 too large)

.vector_55      0x000000009d0008e0        0x0
 *(.vector_55)
                0x0000000000000001                ASSERT (((_vector_spacing == 0x0) || (SIZEOF (.vector_55) <= (_vector_spacing << 0x5))), function at exception vector 55 too large)

.vector_56      0x000000009d000900        0x0
 *(.vector_56)
                0x0000000000000001                ASSERT (((_vector_spacing == 0x0) || (SIZEOF (.vector_56) <= (_vector_spacing << 0x5))), function at exception vector 56 too large)

.vector_57      0x000000009d000920        0x0
 *(.vector_57)
                0x0000000000000001                ASSERT (((_vector_spacing == 0x0) || (SIZEOF (.vector_57) <= (_vector_spacing << 0x5))), function at exception vector 57 too large)

.vector_58      0x000000009d000940        0x0
 *(.vector_58)
                0x0000000000000001                ASSERT (((_vector_spacing == 0x0) || (SIZEOF (.vector_58) <= (_vector_spacing << 0x5))), function at exception vector 58 too large)

.vector_59      0x000000009d000960        0x0
 *(.vector_59)
                0x0000000000000001                ASSERT (((_vector_spacing == 0x0) || (SIZEOF (.vector_59) <= (_vector_spacing << 0x5))), function at exception vector 59 too large)

.vector_60      0x000000009d000980        0x0
 *(.vector_60)
                0x0000000000000001                ASSERT (((_vector_spacing == 0x0) || (SIZEOF (.vector_60) <= (_vector_spacing << 0x5))), function at exception vector 60 too large)

.vector_61      0x000000009d0009a0        0x0
 *(.vector_61)
                0x0000000000000001                ASSERT (((_vector_spacing == 0x0) || (SIZEOF (.vector_61) <= (_vector_spacing << 0x5))), function at exception vector 61 too large)

.vector_62      0x000000009d0009c0        0x0
 *(.vector_62)
                0x0000000000000001                ASSERT (((_vector_spacing == 0x0) || (SIZEOF (.vector_62) <= (_vector_spacing << 0x5))), function at exception vector 62 too large)

.vector_63      0x000000009d0009e0        0x0
 *(.vector_63)
                0x0000000000000001                ASSERT (((_vector_spacing == 0x0) || (SIZEOF (.vector_63) <= (_vector_spacing << 0x5))), function at exception vector 63 too large)

.startup
 *(.startup)

.text
 *(.stub .gnu.linkonce.t.*)
 *(.text.*personality*)
 *(.mips16.fn.*)
 *(.mips16.call.*)
 *(.gnu.warning)

.rodata         0x000000009d001e00       0x40
 *(.rodata.* .gnu.linkonce.r.*)
 .rodata.cst8   0x000000009d001e00        0x8 /Applications/microchip/xc32/v3.01/bin/bin/../../lib/gcc/pic32mx/8.3.1/libgcc.a(floatunsidf.o)
 .rodata.str1.4
                0x000000009d001e08        0x8 /Applications/microchip/xc32/v3.01/bin/bin/../../lib/gcc/pic32mx/8.3.1/../../../../pic32mx/lib/liblega-c.a(_doprnt_cdnopuxX.eo)
 .rodata.str1.4
                0x000000009d001e10       0x30 /Applications/microchip/xc32/v3.01/bin/bin/../../lib/gcc/pic32mx/8.3.1/../../../../pic32mx/lib/liblega-c.a(_doscan.o)
 *(.rodata1)
                0x000000009d001e40                . = ALIGN (0x4)

.sdata2         0x000000009d001e40        0x0
 *(.sdata2 .sdata2.* .gnu.linkonce.s2.*)
                0x000000009d001e40                . = ALIGN (0x4)

.sbss2          0x000000009d001e40        0x0
 *(.sbss2 .sbss2.* .gnu.linkonce.sb2.*)
                0x000000009d001e40                . = ALIGN (0x4)

.eh_frame_hdr
 *(.eh_frame_hdr)

.eh_frame
 *(.eh_frame)

.dbg_data       0x00000000a0000000        0x0
                0x00000000a0000000                . = (. + DEFINED (_DEBUGGER)?0x200:0x0)

.persist        0x00000000a0000000        0x0
                0x00000000a0000000                _persist_begin = .
 *(.persist .persist.*)
                0x00000000a0000000                . = ALIGN (0x4)
                0x00000000a0000000                _persist_end = .

.eh_frame
 *(.eh_frame)
                0x00000000a0000000                . = .
                0x00000000a0007ff0                _gp = (ALIGN (0x10) + 0x7ff0)

.got
 *(.got.plt)
 *(.got)

.sdata          0x00000000a0000000        0xc
                0x00000000a0000000                _sdata_begin = .
 *(.sdata .sdata.* .gnu.linkonce.s.*)
 .sdata         0x00000000a0000000        0x4 OC_PWMhw.o
 .sdata         0x00000000a0000004        0x4 /Applications/microchip/xc32/v3.01/bin/bin/../../lib/gcc/pic32mx/8.3.1/../../../../pic32mx/lib/liblega-c.a(_iobdata.o)
                0x00000000a0000004                _libc_data
 .sdata         0x00000000a0000008        0x4 /Applications/microchip/xc32/v3.01/bin/bin/../../lib/gcc/pic32mx/8.3.1/../../../../pic32mx/lib/libpic32.a(xc32_uart.o)
                0x00000000a0000008                __XC_UART
                0x00000000a000000c                _sdata_end = .

.lit8
 *(.lit8)

.lit4
 *(.lit4)
                0x00000000a000000c                . = ALIGN (0x4)
                0x00000000a000000c                _data_end = .
                0x00000000a000000c                _bss_begin = .

.sbss           0x00000000a000000c       0x2c
                0x00000000a000000c                _sbss_begin = .
 *(.dynsbss)
 *(.sbss .sbss.* .gnu.linkonce.sb.*)
 .sbss          0x00000000a000000c       0x28 OC_PWMhw.o
 .sbss          0x00000000a0000034        0x4 /Applications/microchip/xc32/v3.01/bin/bin/../../lib/gcc/pic32mx/8.3.1/../../../../pic32mx/lib/liblega-c.a(errno.o)
                0x00000000a0000034                errno
 *(.scommon)
                0x00000000a0000038                _sbss_end = .

.bss            0x00000000a0000038        0x0
 *(.dynbss)
 *(COMMON)
                0x00000000a0000038                . = ALIGN (0x4)
                0x00000000a0000038                . = ALIGN (0x4)
                0x00000000a0000038                _end = .
                0x00000000a0000038                _bss_end = .
                0x0000000000020000                _bmxdudba_address = LENGTH (kseg1_data_mem)
                0x0000000000020000                _bmxdupba_address = LENGTH (kseg1_data_mem)

/DISCARD/
 *(.pdr)
 *(.reginfo)
 *(.rel.dyn)
 *(.note.GNU-stack)
 *(.note.GNU-stack)
 *(.gnu_debuglink)
 *(.gnu.lto_*)
 *(.discard)

.stab
 *(.stab)

.stabstr
 *(.stabstr)

.stab.excl
 *(.stab.excl)

.stab.exclstr
 *(.stab.exclstr)

.stab.index
 *(.stab.index)

.stab.indexstr
 *(.stab.indexstr)

.comment        0x0000000000000000      0xaf8
 *(.comment)
 .comment       0x0000000000000000       0x53 NU32.o
                                         0x54 (size before relaxing)
 .comment       0x0000000000000053       0x54 OC_PWMhw.o
 .comment       0x0000000000000053       0x54 /Applications/microchip/xc32/v3.01/bin/bin/../../lib/gcc/pic32mx/8.3.1/libgcc.a(floatunsidf.o)
 .comment       0x0000000000000053       0x54 /Applications/microchip/xc32/v3.01/bin/bin/../../lib/gcc/pic32mx/8.3.1/../../../../pic32mx/lib/libpic32.a(default-bootstrap-exception-handler.o)
 .comment       0x0000000000000053       0x54 /Applications/microchip/xc32/v3.01/bin/bin/../../lib/gcc/pic32mx/8.3.1/../../../../pic32mx/lib/libpic32.a(default-on-reset.o)
 .comment       0x0000000000000053       0x54 /Applications/microchip/xc32/v3.01/bin/bin/../../lib/gcc/pic32mx/8.3.1/../../../../pic32mx/lib/libpic32.a(default-on-bootstrap.o)
 .comment       0x0000000000000053       0x54 /Applications/microchip/xc32/v3.01/bin/bin/../../lib/gcc/pic32mx/8.3.1/../../../../pic32mx/lib/libpic32.a(default-general-exception-handler.o)
 .comment       0x0000000000000053       0x54 /Applications/microchip/xc32/v3.01/bin/bin/../../lib/gcc/pic32mx/8.3.1/../../../../pic32mx/lib/libpic32.a(defaultinterrupt.o)
 .comment       0x0000000000000053       0x52 /Applications/microchip/xc32/v3.01/bin/bin/../../lib/gcc/pic32mx/8.3.1/../../../../pic32mx/lib/liblega-c.a(sprintf_cdnopuxX.eo)
                                         0xa6 (size before relaxing)
 .comment       0x00000000000000a5       0x51 /Applications/microchip/xc32/v3.01/bin/bin/../../lib/gcc/pic32mx/8.3.1/../../../../pic32mx/lib/liblega-c.a(sscanf_fF.eo)
                                         0xa5 (size before relaxing)
 .comment       0x00000000000000f6       0x4f /Applications/microchip/xc32/v3.01/bin/bin/../../lib/gcc/pic32mx/8.3.1/../../../../pic32mx/lib/liblega-c.a(strlen.o)
                                         0xa3 (size before relaxing)
 .comment       0x0000000000000145       0x52 /Applications/microchip/xc32/v3.01/bin/bin/../../lib/gcc/pic32mx/8.3.1/../../../../pic32mx/lib/liblega-c.a(_doprnt_cdnopuxX.eo)
                                         0xa6 (size before relaxing)
 .comment       0x0000000000000197       0x53 /Applications/microchip/xc32/v3.01/bin/bin/../../lib/gcc/pic32mx/8.3.1/../../../../pic32mx/lib/liblega-c.a(_iobdata.o)
                                         0xa7 (size before relaxing)
 .comment       0x00000000000001ea       0x54 /Applications/microchip/xc32/v3.01/bin/bin/../../lib/gcc/pic32mx/8.3.1/../../../../pic32mx/lib/liblega-c.a(_iobfuncs.o)
                                         0xa8 (size before relaxing)
 .comment       0x000000000000023e       0x55 /Applications/microchip/xc32/v3.01/bin/bin/../../lib/gcc/pic32mx/8.3.1/../../../../pic32mx/lib/liblega-c.a(_iobstring.o)
                                         0xa9 (size before relaxing)
 .comment       0x0000000000000293       0x50 /Applications/microchip/xc32/v3.01/bin/bin/../../lib/gcc/pic32mx/8.3.1/../../../../pic32mx/lib/liblega-c.a(fputc.o)
                                         0xa4 (size before relaxing)
 .comment       0x00000000000002e3       0x52 /Applications/microchip/xc32/v3.01/bin/bin/../../lib/gcc/pic32mx/8.3.1/../../../../pic32mx/lib/liblega-c.a(_doscan.o)
                                         0xa6 (size before relaxing)
 .comment       0x0000000000000335       0x4e /Applications/microchip/xc32/v3.01/bin/bin/../../lib/gcc/pic32mx/8.3.1/../../../../pic32mx/lib/liblega-c.a(stubs.o)
                                         0xa2 (size before relaxing)
 .comment       0x0000000000000383       0x4f /Applications/microchip/xc32/v3.01/bin/bin/../../lib/gcc/pic32mx/8.3.1/../../../../pic32mx/lib/liblega-c.a(strchr.o)
                                         0xa3 (size before relaxing)
 .comment       0x00000000000003d2       0x4f /Applications/microchip/xc32/v3.01/bin/bin/../../lib/gcc/pic32mx/8.3.1/../../../../pic32mx/lib/liblega-c.a(memcpy.o)
                                         0xa3 (size before relaxing)
 .comment       0x0000000000000421       0x4f /Applications/microchip/xc32/v3.01/bin/bin/../../lib/gcc/pic32mx/8.3.1/../../../../pic32mx/lib/liblega-c.a(memset.o)
                                         0xa3 (size before relaxing)
 .comment       0x0000000000000470       0x4e /Applications/microchip/xc32/v3.01/bin/bin/../../lib/gcc/pic32mx/8.3.1/../../../../pic32mx/lib/liblega-c.a(ctype.o)
                                         0xa2 (size before relaxing)
 .comment       0x00000000000004be       0x54 /Applications/microchip/xc32/v3.01/bin/bin/../../lib/gcc/pic32mx/8.3.1/../../../../pic32mx/lib/liblega-c.a(malloc.o)
 .comment       0x00000000000004be       0x54 /Applications/microchip/xc32/v3.01/bin/bin/../../lib/gcc/pic32mx/8.3.1/../../../../pic32mx/lib/liblega-c.a(malloc_realloc.o)
 .comment       0x00000000000004be       0x4e /Applications/microchip/xc32/v3.01/bin/bin/../../lib/gcc/pic32mx/8.3.1/../../../../pic32mx/lib/liblega-c.a(errno.o)
                                         0xa2 (size before relaxing)
 .comment       0x000000000000050c       0x4f /Applications/microchip/xc32/v3.01/bin/bin/../../lib/gcc/pic32mx/8.3.1/../../../../pic32mx/lib/liblega-c.a(strtol.o)
                                         0xa3 (size before relaxing)
 .comment       0x000000000000055b       0x50 /Applications/microchip/xc32/v3.01/bin/bin/../../lib/gcc/pic32mx/8.3.1/../../../../pic32mx/lib/liblega-c.a(strtoul.o)
                                         0xa4 (size before relaxing)
 .comment       0x00000000000005ab       0x50 /Applications/microchip/xc32/v3.01/bin/bin/../../lib/gcc/pic32mx/8.3.1/../../../../pic32mx/lib/liblega-c.a(strtoll.o)
                                         0xa4 (size before relaxing)
 .comment       0x00000000000005fb       0x51 /Applications/microchip/xc32/v3.01/bin/bin/../../lib/gcc/pic32mx/8.3.1/../../../../pic32mx/lib/liblega-c.a(strtoull.o)
                                         0xa5 (size before relaxing)
 .comment       0x000000000000064c       0x4f /Applications/microchip/xc32/v3.01/bin/bin/../../lib/gcc/pic32mx/8.3.1/../../../../pic32mx/lib/liblega-c.a(strtod.o)
                                         0xa3 (size before relaxing)
 .comment       0x000000000000069b       0xa3 /Applications/microchip/xc32/v3.01/bin/bin/../../lib/gcc/pic32mx/8.3.1/../../../../pic32mx/lib/liblega-c.a(strtof.o)
 .comment       0x000000000000069b       0x51 /Applications/microchip/xc32/v3.01/bin/bin/../../lib/gcc/pic32mx/8.3.1/../../../../pic32mx/lib/liblega-c.a(fullexit.o)
                                         0xa5 (size before relaxing)
 .comment       0x00000000000006ec       0x50 /Applications/microchip/xc32/v3.01/bin/bin/../../lib/gcc/pic32mx/8.3.1/../../../../pic32mx/lib/liblega-c.a(fgetc.o)
                                         0xa4 (size before relaxing)
 .comment       0x000000000000073c       0x51 /Applications/microchip/xc32/v3.01/bin/bin/../../lib/gcc/pic32mx/8.3.1/../../../../pic32mx/lib/liblega-c.a(ungetc.o)
                                         0xa5 (size before relaxing)
 .comment       0x000000000000078d       0x50 /Applications/microchip/xc32/v3.01/bin/bin/../../lib/gcc/pic32mx/8.3.1/../../../../pic32mx/lib/liblega-c.a(memmove.o)
                                         0xa4 (size before relaxing)
 .comment       0x00000000000007dd       0x52 /Applications/microchip/xc32/v3.01/bin/bin/../../lib/gcc/pic32mx/8.3.1/../../../../pic32mx/lib/liblega-c.a(_ioinit.o)
                                         0xa6 (size before relaxing)
 .comment       0x000000000000082f       0x51 /Applications/microchip/xc32/v3.01/bin/bin/../../lib/gcc/pic32mx/8.3.1/../../../../pic32mx/lib/liblega-c.a(_cleanup.o)
                                         0xa5 (size before relaxing)
 .comment       0x0000000000000880       0x53 /Applications/microchip/xc32/v3.01/bin/bin/../../lib/gcc/pic32mx/8.3.1/../../../../pic32mx/lib/liblega-c.a(_bufproc.o)
                                         0xa7 (size before relaxing)
 .comment       0x00000000000008d3       0x9d /Applications/microchip/xc32/v3.01/bin/bin/../../lib/gcc/pic32mx/8.3.1/../../../../pic32mx/lib/libm.a(__strtod.o)
                                         0xf1 (size before relaxing)
 .comment       0x0000000000000970       0x4f /Applications/microchip/xc32/v3.01/bin/bin/../../lib/gcc/pic32mx/8.3.1/../../../../pic32mx/lib/libm.a(__strtof.o)
                                         0xf1 (size before relaxing)
 .comment       0x00000000000009bf       0x50 /Applications/microchip/xc32/v3.01/bin/bin/../../lib/gcc/pic32mx/8.3.1/../../../../pic32mx/lib/libe.a(_ldexp.o)
                                         0xf2 (size before relaxing)
 .comment       0x0000000000000a0f       0x50 /Applications/microchip/xc32/v3.01/bin/bin/../../lib/gcc/pic32mx/8.3.1/../../../../pic32mx/lib/libe.a(_ldexpf.o)
                                         0xf2 (size before relaxing)
 .comment       0x0000000000000a5f       0x54 /Applications/microchip/xc32/v3.01/bin/bin/../../lib/gcc/pic32mx/8.3.1/libgcc.a(_divdi3.o)
 .comment       0x0000000000000a5f       0x54 /Applications/microchip/xc32/v3.01/bin/bin/../../lib/gcc/pic32mx/8.3.1/libgcc.a(_udivdi3.o)
 .comment       0x0000000000000a5f       0x54 /Applications/microchip/xc32/v3.01/bin/bin/../../lib/gcc/pic32mx/8.3.1/libgcc.a(_umoddi3.o)
 .comment       0x0000000000000a5f       0x4b /Applications/microchip/xc32/v3.01/bin/bin/../../lib/gcc/pic32mx/8.3.1/../../../../pic32mx/lib/libpic32.a(sbrk.o)
                                         0x9f (size before relaxing)
 .comment       0x0000000000000aaa       0x54 /Applications/microchip/xc32/v3.01/bin/bin/../../lib/gcc/pic32mx/8.3.1/../../../../pic32mx/lib/libpic32.a(_exit.o)
 .comment       0x0000000000000aaa       0x4e /Applications/microchip/xc32/v3.01/bin/bin/../../lib/gcc/pic32mx/8.3.1/../../../../pic32mx/lib/libpic32.a(isatty.o)
                                         0xa2 (size before relaxing)
 .comment       0x0000000000000af8       0x54 /Applications/microchip/xc32/v3.01/bin/bin/../../lib/gcc/pic32mx/8.3.1/../../../../pic32mx/lib/libpic32.a(_mon_getc.o)
 .comment       0x0000000000000af8       0x54 /Applications/microchip/xc32/v3.01/bin/bin/../../lib/gcc/pic32mx/8.3.1/../../../../pic32mx/lib/libpic32.a(_mon_write.o)
 .comment       0x0000000000000af8       0x54 /Applications/microchip/xc32/v3.01/bin/bin/../../lib/gcc/pic32mx/8.3.1/../../../../pic32mx/lib/libpic32.a(xc32_uart.o)
 .comment       0x0000000000000af8       0x54 /Applications/microchip/xc32/v3.01/bin/bin/../../lib/gcc/pic32mx/8.3.1/../../../../pic32mx/lib/libpic32.a(_mon_putc.o)

.debug
 *(.debug)

.line
 *(.line)

.debug_srcinfo
 *(.debug_srcinfo)

.debug_sfnames
 *(.debug_sfnames)

.debug_aranges  0x0000000000000000      0x2c0
 *(.debug_aranges)
 .debug_aranges
                0x0000000000000000       0x20 NU32.o
 .debug_aranges
                0x0000000000000020       0x20 OC_PWMhw.o
 .debug_aranges
                0x0000000000000040       0x20 /Applications/microchip/xc32/v3.01/bin/bin/../../lib/gcc/pic32mx/8.3.1/libgcc.a(floatunsidf.o)
 .debug_aranges
                0x0000000000000060       0x20 /Applications/microchip/xc32/v3.01/bin/bin/../../lib/gcc/pic32mx/8.3.1/../../../../pic32mx/lib/libpic32.a(default-bootstrap-exception-handler.o)
 .debug_aranges
                0x0000000000000080       0x20 /Applications/microchip/xc32/v3.01/bin/bin/../../lib/gcc/pic32mx/8.3.1/../../../../pic32mx/lib/libpic32.a(default-on-reset.o)
 .debug_aranges
                0x00000000000000a0       0x20 /Applications/microchip/xc32/v3.01/bin/bin/../../lib/gcc/pic32mx/8.3.1/../../../../pic32mx/lib/libpic32.a(default-on-bootstrap.o)
 .debug_aranges
                0x00000000000000c0       0x20 /Applications/microchip/xc32/v3.01/bin/bin/../../lib/gcc/pic32mx/8.3.1/../../../../pic32mx/lib/libpic32.a(default-general-exception-handler.o)
 .debug_aranges
                0x00000000000000e0       0x20 /Applications/microchip/xc32/v3.01/bin/bin/../../lib/gcc/pic32mx/8.3.1/../../../../pic32mx/lib/libpic32.a(defaultinterrupt.o)
 .debug_aranges
                0x0000000000000100       0x20 /Applications/microchip/xc32/v3.01/bin/bin/../../lib/gcc/pic32mx/8.3.1/../../../../pic32mx/lib/libm.a(__strtod.o)
 .debug_aranges
                0x0000000000000120       0x20 /Applications/microchip/xc32/v3.01/bin/bin/../../lib/gcc/pic32mx/8.3.1/../../../../pic32mx/lib/libm.a(__strtof.o)
 .debug_aranges
                0x0000000000000140       0x20 /Applications/microchip/xc32/v3.01/bin/bin/../../lib/gcc/pic32mx/8.3.1/../../../../pic32mx/lib/libe.a(_ldexp.o)
 .debug_aranges
                0x0000000000000160       0x20 /Applications/microchip/xc32/v3.01/bin/bin/../../lib/gcc/pic32mx/8.3.1/../../../../pic32mx/lib/libe.a(_ldexpf.o)
 .debug_aranges
                0x0000000000000180       0x20 /Applications/microchip/xc32/v3.01/bin/bin/../../lib/gcc/pic32mx/8.3.1/libgcc.a(_divdi3.o)
 .debug_aranges
                0x00000000000001a0       0x20 /Applications/microchip/xc32/v3.01/bin/bin/../../lib/gcc/pic32mx/8.3.1/libgcc.a(_udivdi3.o)
 .debug_aranges
                0x00000000000001c0       0x20 /Applications/microchip/xc32/v3.01/bin/bin/../../lib/gcc/pic32mx/8.3.1/libgcc.a(_umoddi3.o)
 .debug_aranges
                0x00000000000001e0       0x40 /Applications/microchip/xc32/v3.01/bin/bin/../../lib/gcc/pic32mx/8.3.1/../../../../pic32mx/lib/libpic32.a(sbrk.o)
 .debug_aranges
                0x0000000000000220       0x20 /Applications/microchip/xc32/v3.01/bin/bin/../../lib/gcc/pic32mx/8.3.1/../../../../pic32mx/lib/libpic32.a(_exit.o)
 .debug_aranges
                0x0000000000000240       0x20 /Applications/microchip/xc32/v3.01/bin/bin/../../lib/gcc/pic32mx/8.3.1/../../../../pic32mx/lib/libpic32.a(isatty.o)
 .debug_aranges
                0x0000000000000260       0x20 /Applications/microchip/xc32/v3.01/bin/bin/../../lib/gcc/pic32mx/8.3.1/../../../../pic32mx/lib/libpic32.a(_mon_getc.o)
 .debug_aranges
                0x0000000000000280       0x20 /Applications/microchip/xc32/v3.01/bin/bin/../../lib/gcc/pic32mx/8.3.1/../../../../pic32mx/lib/libpic32.a(_mon_write.o)
 .debug_aranges
                0x00000000000002a0       0x20 /Applications/microchip/xc32/v3.01/bin/bin/../../lib/gcc/pic32mx/8.3.1/../../../../pic32mx/lib/libpic32.a(_mon_putc.o)

.debug_pubnames
 *(.debug_pubnames)

.debug_info     0x0000000000000000    0x63edb
 *(.debug_info .gnu.linkonce.wi.*)
 .debug_info    0x0000000000000000    0x30d81 NU32.o
 .debug_info    0x0000000000030d81    0x31200 OC_PWMhw.o
 .debug_info    0x0000000000061f81       0xaf /Applications/microchip/xc32/v3.01/bin/bin/../../lib/gcc/pic32mx/8.3.1/libgcc.a(floatunsidf.o)
 .debug_info    0x0000000000062030       0x41 /Applications/microchip/xc32/v3.01/bin/bin/../../lib/gcc/pic32mx/8.3.1/../../../../pic32mx/lib/libpic32.a(default-bootstrap-exception-handler.o)
 .debug_info    0x0000000000062071       0x3f /Applications/microchip/xc32/v3.01/bin/bin/../../lib/gcc/pic32mx/8.3.1/../../../../pic32mx/lib/libpic32.a(default-on-reset.o)
 .debug_info    0x00000000000620b0       0x3f /Applications/microchip/xc32/v3.01/bin/bin/../../lib/gcc/pic32mx/8.3.1/../../../../pic32mx/lib/libpic32.a(default-on-bootstrap.o)
 .debug_info    0x00000000000620ef       0x41 /Applications/microchip/xc32/v3.01/bin/bin/../../lib/gcc/pic32mx/8.3.1/../../../../pic32mx/lib/libpic32.a(default-general-exception-handler.o)
 .debug_info    0x0000000000062130       0x40 /Applications/microchip/xc32/v3.01/bin/bin/../../lib/gcc/pic32mx/8.3.1/../../../../pic32mx/lib/libpic32.a(defaultinterrupt.o)
 .debug_info    0x0000000000062170       0x4b /Applications/microchip/xc32/v3.01/bin/bin/../../lib/gcc/pic32mx/8.3.1/../../../../pic32mx/lib/libm.a(__strtod.o)
 .debug_info    0x00000000000621bb       0x61 /Applications/microchip/xc32/v3.01/bin/bin/../../lib/gcc/pic32mx/8.3.1/../../../../pic32mx/lib/libm.a(__strtof.o)
 .debug_info    0x000000000006221c       0x77 /Applications/microchip/xc32/v3.01/bin/bin/../../lib/gcc/pic32mx/8.3.1/../../../../pic32mx/lib/libe.a(_ldexp.o)
 .debug_info    0x0000000000062293       0x77 /Applications/microchip/xc32/v3.01/bin/bin/../../lib/gcc/pic32mx/8.3.1/../../../../pic32mx/lib/libe.a(_ldexpf.o)
 .debug_info    0x000000000006230a      0x8aa /Applications/microchip/xc32/v3.01/bin/bin/../../lib/gcc/pic32mx/8.3.1/libgcc.a(_divdi3.o)
 .debug_info    0x0000000000062bb4      0x85c /Applications/microchip/xc32/v3.01/bin/bin/../../lib/gcc/pic32mx/8.3.1/libgcc.a(_udivdi3.o)
 .debug_info    0x0000000000063410      0x8d4 /Applications/microchip/xc32/v3.01/bin/bin/../../lib/gcc/pic32mx/8.3.1/libgcc.a(_umoddi3.o)
 .debug_info    0x0000000000063ce4       0xae /Applications/microchip/xc32/v3.01/bin/bin/../../lib/gcc/pic32mx/8.3.1/../../../../pic32mx/lib/libpic32.a(sbrk.o)
 .debug_info    0x0000000000063d92       0x40 /Applications/microchip/xc32/v3.01/bin/bin/../../lib/gcc/pic32mx/8.3.1/../../../../pic32mx/lib/libpic32.a(_exit.o)
 .debug_info    0x0000000000063dd2       0x3f /Applications/microchip/xc32/v3.01/bin/bin/../../lib/gcc/pic32mx/8.3.1/../../../../pic32mx/lib/libpic32.a(isatty.o)
 .debug_info    0x0000000000063e11       0x40 /Applications/microchip/xc32/v3.01/bin/bin/../../lib/gcc/pic32mx/8.3.1/../../../../pic32mx/lib/libpic32.a(_mon_getc.o)
 .debug_info    0x0000000000063e51       0x4a /Applications/microchip/xc32/v3.01/bin/bin/../../lib/gcc/pic32mx/8.3.1/../../../../pic32mx/lib/libpic32.a(_mon_write.o)
 .debug_info    0x0000000000063e9b       0x40 /Applications/microchip/xc32/v3.01/bin/bin/../../lib/gcc/pic32mx/8.3.1/../../../../pic32mx/lib/libpic32.a(_mon_putc.o)

.debug_abbrev   0x0000000000000000      0xe82
 *(.debug_abbrev)
 .debug_abbrev  0x0000000000000000      0x1ce NU32.o
 .debug_abbrev  0x00000000000001ce      0x2c5 OC_PWMhw.o
 .debug_abbrev  0x0000000000000493       0x7d /Applications/microchip/xc32/v3.01/bin/bin/../../lib/gcc/pic32mx/8.3.1/libgcc.a(floatunsidf.o)
 .debug_abbrev  0x0000000000000510       0x31 /Applications/microchip/xc32/v3.01/bin/bin/../../lib/gcc/pic32mx/8.3.1/../../../../pic32mx/lib/libpic32.a(default-bootstrap-exception-handler.o)
 .debug_abbrev  0x0000000000000541       0x2e /Applications/microchip/xc32/v3.01/bin/bin/../../lib/gcc/pic32mx/8.3.1/../../../../pic32mx/lib/libpic32.a(default-on-reset.o)
 .debug_abbrev  0x000000000000056f       0x2e /Applications/microchip/xc32/v3.01/bin/bin/../../lib/gcc/pic32mx/8.3.1/../../../../pic32mx/lib/libpic32.a(default-on-bootstrap.o)
 .debug_abbrev  0x000000000000059d       0x31 /Applications/microchip/xc32/v3.01/bin/bin/../../lib/gcc/pic32mx/8.3.1/../../../../pic32mx/lib/libpic32.a(default-general-exception-handler.o)
 .debug_abbrev  0x00000000000005ce       0x31 /Applications/microchip/xc32/v3.01/bin/bin/../../lib/gcc/pic32mx/8.3.1/../../../../pic32mx/lib/libpic32.a(defaultinterrupt.o)
 .debug_abbrev  0x00000000000005ff       0x3d /Applications/microchip/xc32/v3.01/bin/bin/../../lib/gcc/pic32mx/8.3.1/../../../../pic32mx/lib/libm.a(__strtod.o)
 .debug_abbrev  0x000000000000063c       0x50 /Applications/microchip/xc32/v3.01/bin/bin/../../lib/gcc/pic32mx/8.3.1/../../../../pic32mx/lib/libm.a(__strtof.o)
 .debug_abbrev  0x000000000000068c       0x61 /Applications/microchip/xc32/v3.01/bin/bin/../../lib/gcc/pic32mx/8.3.1/../../../../pic32mx/lib/libe.a(_ldexp.o)
 .debug_abbrev  0x00000000000006ed       0x61 /Applications/microchip/xc32/v3.01/bin/bin/../../lib/gcc/pic32mx/8.3.1/../../../../pic32mx/lib/libe.a(_ldexpf.o)
 .debug_abbrev  0x000000000000074e      0x1ec /Applications/microchip/xc32/v3.01/bin/bin/../../lib/gcc/pic32mx/8.3.1/libgcc.a(_divdi3.o)
 .debug_abbrev  0x000000000000093a      0x1d8 /Applications/microchip/xc32/v3.01/bin/bin/../../lib/gcc/pic32mx/8.3.1/libgcc.a(_udivdi3.o)
 .debug_abbrev  0x0000000000000b12      0x1ee /Applications/microchip/xc32/v3.01/bin/bin/../../lib/gcc/pic32mx/8.3.1/libgcc.a(_umoddi3.o)
 .debug_abbrev  0x0000000000000d00       0x90 /Applications/microchip/xc32/v3.01/bin/bin/../../lib/gcc/pic32mx/8.3.1/../../../../pic32mx/lib/libpic32.a(sbrk.o)
 .debug_abbrev  0x0000000000000d90       0x31 /Applications/microchip/xc32/v3.01/bin/bin/../../lib/gcc/pic32mx/8.3.1/../../../../pic32mx/lib/libpic32.a(_exit.o)
 .debug_abbrev  0x0000000000000dc1       0x2e /Applications/microchip/xc32/v3.01/bin/bin/../../lib/gcc/pic32mx/8.3.1/../../../../pic32mx/lib/libpic32.a(isatty.o)
 .debug_abbrev  0x0000000000000def       0x2e /Applications/microchip/xc32/v3.01/bin/bin/../../lib/gcc/pic32mx/8.3.1/../../../../pic32mx/lib/libpic32.a(_mon_getc.o)
 .debug_abbrev  0x0000000000000e1d       0x37 /Applications/microchip/xc32/v3.01/bin/bin/../../lib/gcc/pic32mx/8.3.1/../../../../pic32mx/lib/libpic32.a(_mon_write.o)
 .debug_abbrev  0x0000000000000e54       0x2e /Applications/microchip/xc32/v3.01/bin/bin/../../lib/gcc/pic32mx/8.3.1/../../../../pic32mx/lib/libpic32.a(_mon_putc.o)

.debug_line     0x0000000000000000     0x2413
 *(.debug_line)
 .debug_line    0x0000000000000000      0x1e5 NU32.o
 .debug_line    0x00000000000001e5      0x356 OC_PWMhw.o
 .debug_line    0x000000000000053b       0xbe /Applications/microchip/xc32/v3.01/bin/bin/../../lib/gcc/pic32mx/8.3.1/libgcc.a(floatunsidf.o)
 .debug_line    0x00000000000005f9       0xca /Applications/microchip/xc32/v3.01/bin/bin/../../lib/gcc/pic32mx/8.3.1/../../../../pic32mx/lib/libpic32.a(default-bootstrap-exception-handler.o)
 .debug_line    0x00000000000006c3       0xa6 /Applications/microchip/xc32/v3.01/bin/bin/../../lib/gcc/pic32mx/8.3.1/../../../../pic32mx/lib/libpic32.a(default-on-reset.o)
 .debug_line    0x0000000000000769       0xaa /Applications/microchip/xc32/v3.01/bin/bin/../../lib/gcc/pic32mx/8.3.1/../../../../pic32mx/lib/libpic32.a(default-on-bootstrap.o)
 .debug_line    0x0000000000000813       0xc8 /Applications/microchip/xc32/v3.01/bin/bin/../../lib/gcc/pic32mx/8.3.1/../../../../pic32mx/lib/libpic32.a(default-general-exception-handler.o)
 .debug_line    0x00000000000008db       0xc9 /Applications/microchip/xc32/v3.01/bin/bin/../../lib/gcc/pic32mx/8.3.1/../../../../pic32mx/lib/libpic32.a(defaultinterrupt.o)
 .debug_line    0x00000000000009a4      0x1ea /Applications/microchip/xc32/v3.01/bin/bin/../../lib/gcc/pic32mx/8.3.1/../../../../pic32mx/lib/libm.a(__strtod.o)
 .debug_line    0x0000000000000b8e      0x1e7 /Applications/microchip/xc32/v3.01/bin/bin/../../lib/gcc/pic32mx/8.3.1/../../../../pic32mx/lib/libm.a(__strtof.o)
 .debug_line    0x0000000000000d75      0x149 /Applications/microchip/xc32/v3.01/bin/bin/../../lib/gcc/pic32mx/8.3.1/../../../../pic32mx/lib/libe.a(_ldexp.o)
 .debug_line    0x0000000000000ebe      0x132 /Applications/microchip/xc32/v3.01/bin/bin/../../lib/gcc/pic32mx/8.3.1/../../../../pic32mx/lib/libe.a(_ldexpf.o)
 .debug_line    0x0000000000000ff0      0x4d7 /Applications/microchip/xc32/v3.01/bin/bin/../../lib/gcc/pic32mx/8.3.1/libgcc.a(_divdi3.o)
 .debug_line    0x00000000000014c7      0x490 /Applications/microchip/xc32/v3.01/bin/bin/../../lib/gcc/pic32mx/8.3.1/libgcc.a(_udivdi3.o)
 .debug_line    0x0000000000001957      0x4d9 /Applications/microchip/xc32/v3.01/bin/bin/../../lib/gcc/pic32mx/8.3.1/libgcc.a(_umoddi3.o)
 .debug_line    0x0000000000001e30      0x1af /Applications/microchip/xc32/v3.01/bin/bin/../../lib/gcc/pic32mx/8.3.1/../../../../pic32mx/lib/libpic32.a(sbrk.o)
 .debug_line    0x0000000000001fdf       0x9a /Applications/microchip/xc32/v3.01/bin/bin/../../lib/gcc/pic32mx/8.3.1/../../../../pic32mx/lib/libpic32.a(_exit.o)
 .debug_line    0x0000000000002079       0x9c /Applications/microchip/xc32/v3.01/bin/bin/../../lib/gcc/pic32mx/8.3.1/../../../../pic32mx/lib/libpic32.a(isatty.o)
 .debug_line    0x0000000000002115      0x12d /Applications/microchip/xc32/v3.01/bin/bin/../../lib/gcc/pic32mx/8.3.1/../../../../pic32mx/lib/libpic32.a(_mon_getc.o)
 .debug_line    0x0000000000002242       0xb0 /Applications/microchip/xc32/v3.01/bin/bin/../../lib/gcc/pic32mx/8.3.1/../../../../pic32mx/lib/libpic32.a(_mon_write.o)
 .debug_line    0x00000000000022f2        0x0 /Applications/microchip/xc32/v3.01/bin/bin/../../lib/gcc/pic32mx/8.3.1/../../../../pic32mx/lib/libpic32.a(xc32_uart.o)
 .debug_line    0x00000000000022f2      0x121 /Applications/microchip/xc32/v3.01/bin/bin/../../lib/gcc/pic32mx/8.3.1/../../../../pic32mx/lib/libpic32.a(_mon_putc.o)

.debug_frame    0x0000000000000000      0x508
 *(.debug_frame)
 .debug_frame   0x0000000000000000       0x74 NU32.o
 .debug_frame   0x0000000000000074       0xfc OC_PWMhw.o
 .debug_frame   0x0000000000000170       0x2c /Applications/microchip/xc32/v3.01/bin/bin/../../lib/gcc/pic32mx/8.3.1/libgcc.a(floatunsidf.o)
 .debug_frame   0x000000000000019c       0x2c /Applications/microchip/xc32/v3.01/bin/bin/../../lib/gcc/pic32mx/8.3.1/../../../../pic32mx/lib/libpic32.a(default-bootstrap-exception-handler.o)
 .debug_frame   0x00000000000001c8       0x20 /Applications/microchip/xc32/v3.01/bin/bin/../../lib/gcc/pic32mx/8.3.1/../../../../pic32mx/lib/libpic32.a(default-on-reset.o)
 .debug_frame   0x00000000000001e8       0x20 /Applications/microchip/xc32/v3.01/bin/bin/../../lib/gcc/pic32mx/8.3.1/../../../../pic32mx/lib/libpic32.a(default-on-bootstrap.o)
 .debug_frame   0x0000000000000208       0x2c /Applications/microchip/xc32/v3.01/bin/bin/../../lib/gcc/pic32mx/8.3.1/../../../../pic32mx/lib/libpic32.a(default-general-exception-handler.o)
 .debug_frame   0x0000000000000234       0x20 /Applications/microchip/xc32/v3.01/bin/bin/../../lib/gcc/pic32mx/8.3.1/../../../../pic32mx/lib/libpic32.a(defaultinterrupt.o)
 .debug_frame   0x0000000000000254       0x48 /Applications/microchip/xc32/v3.01/bin/bin/../../lib/gcc/pic32mx/8.3.1/../../../../pic32mx/lib/libm.a(__strtod.o)
 .debug_frame   0x000000000000029c       0x48 /Applications/microchip/xc32/v3.01/bin/bin/../../lib/gcc/pic32mx/8.3.1/../../../../pic32mx/lib/libm.a(__strtof.o)
 .debug_frame   0x00000000000002e4       0x20 /Applications/microchip/xc32/v3.01/bin/bin/../../lib/gcc/pic32mx/8.3.1/../../../../pic32mx/lib/libe.a(_ldexp.o)
 .debug_frame   0x0000000000000304       0x20 /Applications/microchip/xc32/v3.01/bin/bin/../../lib/gcc/pic32mx/8.3.1/../../../../pic32mx/lib/libe.a(_ldexpf.o)
 .debug_frame   0x0000000000000324       0x20 /Applications/microchip/xc32/v3.01/bin/bin/../../lib/gcc/pic32mx/8.3.1/libgcc.a(_divdi3.o)
 .debug_frame   0x0000000000000344       0x20 /Applications/microchip/xc32/v3.01/bin/bin/../../lib/gcc/pic32mx/8.3.1/libgcc.a(_udivdi3.o)
 .debug_frame   0x0000000000000364       0x20 /Applications/microchip/xc32/v3.01/bin/bin/../../lib/gcc/pic32mx/8.3.1/libgcc.a(_umoddi3.o)
 .debug_frame   0x0000000000000384       0x98 /Applications/microchip/xc32/v3.01/bin/bin/../../lib/gcc/pic32mx/8.3.1/../../../../pic32mx/lib/libpic32.a(sbrk.o)
 .debug_frame   0x000000000000041c       0x20 /Applications/microchip/xc32/v3.01/bin/bin/../../lib/gcc/pic32mx/8.3.1/../../../../pic32mx/lib/libpic32.a(_exit.o)
 .debug_frame   0x000000000000043c       0x20 /Applications/microchip/xc32/v3.01/bin/bin/../../lib/gcc/pic32mx/8.3.1/../../../../pic32mx/lib/libpic32.a(isatty.o)
 .debug_frame   0x000000000000045c       0x38 /Applications/microchip/xc32/v3.01/bin/bin/../../lib/gcc/pic32mx/8.3.1/../../../../pic32mx/lib/libpic32.a(_mon_getc.o)
 .debug_frame   0x0000000000000494       0x38 /Applications/microchip/xc32/v3.01/bin/bin/../../lib/gcc/pic32mx/8.3.1/../../../../pic32mx/lib/libpic32.a(_mon_write.o)
 .debug_frame   0x00000000000004cc       0x3c /Applications/microchip/xc32/v3.01/bin/bin/../../lib/gcc/pic32mx/8.3.1/../../../../pic32mx/lib/libpic32.a(_mon_putc.o)

.debug_str      0x0000000000000000    0x23e12
 *(.debug_str)
 .debug_str     0x0000000000000000     0xf965 NU32.o
 .debug_str     0x000000000000f965     0xfb0b OC_PWMhw.o
 .debug_str     0x000000000001f470      0x31d /Applications/microchip/xc32/v3.01/bin/bin/../../lib/gcc/pic32mx/8.3.1/libgcc.a(floatunsidf.o)
 .debug_str     0x000000000001f78d      0x3b3 /Applications/microchip/xc32/v3.01/bin/bin/../../lib/gcc/pic32mx/8.3.1/../../../../pic32mx/lib/libpic32.a(default-bootstrap-exception-handler.o)
 .debug_str     0x000000000001fb40      0x38d /Applications/microchip/xc32/v3.01/bin/bin/../../lib/gcc/pic32mx/8.3.1/../../../../pic32mx/lib/libpic32.a(default-on-reset.o)
 .debug_str     0x000000000001fecd      0x395 /Applications/microchip/xc32/v3.01/bin/bin/../../lib/gcc/pic32mx/8.3.1/../../../../pic32mx/lib/libpic32.a(default-on-bootstrap.o)
 .debug_str     0x0000000000020262      0x3af /Applications/microchip/xc32/v3.01/bin/bin/../../lib/gcc/pic32mx/8.3.1/../../../../pic32mx/lib/libpic32.a(default-general-exception-handler.o)
 .debug_str     0x0000000000020611      0x3a7 /Applications/microchip/xc32/v3.01/bin/bin/../../lib/gcc/pic32mx/8.3.1/../../../../pic32mx/lib/libpic32.a(defaultinterrupt.o)
 .debug_str     0x00000000000209b8      0x33c /Applications/microchip/xc32/v3.01/bin/bin/../../lib/gcc/pic32mx/8.3.1/../../../../pic32mx/lib/libm.a(__strtod.o)
 .debug_str     0x0000000000020cf4      0x33c /Applications/microchip/xc32/v3.01/bin/bin/../../lib/gcc/pic32mx/8.3.1/../../../../pic32mx/lib/libm.a(__strtof.o)
 .debug_str     0x0000000000021030      0x33f /Applications/microchip/xc32/v3.01/bin/bin/../../lib/gcc/pic32mx/8.3.1/../../../../pic32mx/lib/libe.a(_ldexp.o)
 .debug_str     0x000000000002136f      0x340 /Applications/microchip/xc32/v3.01/bin/bin/../../lib/gcc/pic32mx/8.3.1/../../../../pic32mx/lib/libe.a(_ldexpf.o)
 .debug_str     0x00000000000216af      0x4e2 /Applications/microchip/xc32/v3.01/bin/bin/../../lib/gcc/pic32mx/8.3.1/libgcc.a(_divdi3.o)
 .debug_str     0x0000000000021b91      0x4e3 /Applications/microchip/xc32/v3.01/bin/bin/../../lib/gcc/pic32mx/8.3.1/libgcc.a(_udivdi3.o)
 .debug_str     0x0000000000022074      0x4e3 /Applications/microchip/xc32/v3.01/bin/bin/../../lib/gcc/pic32mx/8.3.1/libgcc.a(_umoddi3.o)
 .debug_str     0x0000000000022557      0x3ad /Applications/microchip/xc32/v3.01/bin/bin/../../lib/gcc/pic32mx/8.3.1/../../../../pic32mx/lib/libpic32.a(sbrk.o)
 .debug_str     0x0000000000022904      0x37e /Applications/microchip/xc32/v3.01/bin/bin/../../lib/gcc/pic32mx/8.3.1/../../../../pic32mx/lib/libpic32.a(_exit.o)
 .debug_str     0x0000000000022c82      0x380 /Applications/microchip/xc32/v3.01/bin/bin/../../lib/gcc/pic32mx/8.3.1/../../../../pic32mx/lib/libpic32.a(isatty.o)
 .debug_str     0x0000000000023002      0x386 /Applications/microchip/xc32/v3.01/bin/bin/../../lib/gcc/pic32mx/8.3.1/../../../../pic32mx/lib/libpic32.a(_mon_getc.o)
 .debug_str     0x0000000000023388      0x388 /Applications/microchip/xc32/v3.01/bin/bin/../../lib/gcc/pic32mx/8.3.1/../../../../pic32mx/lib/libpic32.a(_mon_write.o)
 .debug_str     0x0000000000023710      0x37c /Applications/microchip/xc32/v3.01/bin/bin/../../lib/gcc/pic32mx/8.3.1/../../../../pic32mx/lib/libpic32.a(xc32_uart.o)
 .debug_str     0x0000000000023a8c      0x386 /Applications/microchip/xc32/v3.01/bin/bin/../../lib/gcc/pic32mx/8.3.1/../../../../pic32mx/lib/libpic32.a(_mon_putc.o)

.debug_loc      0x0000000000000000     0x22d4
 *(.debug_loc)
 .debug_loc     0x0000000000000000       0x90 /Applications/microchip/xc32/v3.01/bin/bin/../../lib/gcc/pic32mx/8.3.1/libgcc.a(floatunsidf.o)
 .debug_loc     0x0000000000000090       0x2c /Applications/microchip/xc32/v3.01/bin/bin/../../lib/gcc/pic32mx/8.3.1/../../../../pic32mx/lib/libpic32.a(default-bootstrap-exception-handler.o)
 .debug_loc     0x00000000000000bc       0x2c /Applications/microchip/xc32/v3.01/bin/bin/../../lib/gcc/pic32mx/8.3.1/../../../../pic32mx/lib/libpic32.a(default-general-exception-handler.o)
 .debug_loc     0x00000000000000e8       0x21 /Applications/microchip/xc32/v3.01/bin/bin/../../lib/gcc/pic32mx/8.3.1/../../../../pic32mx/lib/libm.a(__strtod.o)
 .debug_loc     0x0000000000000109       0x20 /Applications/microchip/xc32/v3.01/bin/bin/../../lib/gcc/pic32mx/8.3.1/../../../../pic32mx/lib/libm.a(__strtof.o)
 .debug_loc     0x0000000000000129      0xbd3 /Applications/microchip/xc32/v3.01/bin/bin/../../lib/gcc/pic32mx/8.3.1/libgcc.a(_divdi3.o)
 .debug_loc     0x0000000000000cfc      0xb5b /Applications/microchip/xc32/v3.01/bin/bin/../../lib/gcc/pic32mx/8.3.1/libgcc.a(_udivdi3.o)
 .debug_loc     0x0000000000001857      0x969 /Applications/microchip/xc32/v3.01/bin/bin/../../lib/gcc/pic32mx/8.3.1/libgcc.a(_umoddi3.o)
 .debug_loc     0x00000000000021c0       0x6c /Applications/microchip/xc32/v3.01/bin/bin/../../lib/gcc/pic32mx/8.3.1/../../../../pic32mx/lib/libpic32.a(sbrk.o)
 .debug_loc     0x000000000000222c       0x38 /Applications/microchip/xc32/v3.01/bin/bin/../../lib/gcc/pic32mx/8.3.1/../../../../pic32mx/lib/libpic32.a(_mon_getc.o)
 .debug_loc     0x0000000000002264       0x2c /Applications/microchip/xc32/v3.01/bin/bin/../../lib/gcc/pic32mx/8.3.1/../../../../pic32mx/lib/libpic32.a(_mon_write.o)
 .debug_loc     0x0000000000002290       0x44 /Applications/microchip/xc32/v3.01/bin/bin/../../lib/gcc/pic32mx/8.3.1/../../../../pic32mx/lib/libpic32.a(_mon_putc.o)

.debug_macinfo
 *(.debug_macinfo)

.debug_weaknames
 *(.debug_weaknames)

.debug_funcnames
 *(.debug_funcnames)

.debug_typenames
 *(.debug_typenames)

.debug_varnames
 *(.debug_varnames)

.debug_pubtypes
 *(.debug_pubtypes)

.debug_ranges   0x0000000000000000      0x3e8
 *(.debug_ranges)
 .debug_ranges  0x0000000000000000       0x10 /Applications/microchip/xc32/v3.01/bin/bin/../../lib/gcc/pic32mx/8.3.1/../../../../pic32mx/lib/libpic32.a(default-bootstrap-exception-handler.o)
 .debug_ranges  0x0000000000000010       0x10 /Applications/microchip/xc32/v3.01/bin/bin/../../lib/gcc/pic32mx/8.3.1/../../../../pic32mx/lib/libpic32.a(default-on-reset.o)
 .debug_ranges  0x0000000000000020       0x10 /Applications/microchip/xc32/v3.01/bin/bin/../../lib/gcc/pic32mx/8.3.1/../../../../pic32mx/lib/libpic32.a(default-on-bootstrap.o)
 .debug_ranges  0x0000000000000030       0x10 /Applications/microchip/xc32/v3.01/bin/bin/../../lib/gcc/pic32mx/8.3.1/../../../../pic32mx/lib/libpic32.a(default-general-exception-handler.o)
 .debug_ranges  0x0000000000000040       0x10 /Applications/microchip/xc32/v3.01/bin/bin/../../lib/gcc/pic32mx/8.3.1/../../../../pic32mx/lib/libpic32.a(defaultinterrupt.o)
 .debug_ranges  0x0000000000000050       0x10 /Applications/microchip/xc32/v3.01/bin/bin/../../lib/gcc/pic32mx/8.3.1/../../../../pic32mx/lib/libm.a(__strtod.o)
 .debug_ranges  0x0000000000000060       0x28 /Applications/microchip/xc32/v3.01/bin/bin/../../lib/gcc/pic32mx/8.3.1/../../../../pic32mx/lib/libm.a(__strtof.o)
 .debug_ranges  0x0000000000000088       0x48 /Applications/microchip/xc32/v3.01/bin/bin/../../lib/gcc/pic32mx/8.3.1/../../../../pic32mx/lib/libe.a(_ldexp.o)
 .debug_ranges  0x00000000000000d0       0x38 /Applications/microchip/xc32/v3.01/bin/bin/../../lib/gcc/pic32mx/8.3.1/../../../../pic32mx/lib/libe.a(_ldexpf.o)
 .debug_ranges  0x0000000000000108       0xc8 /Applications/microchip/xc32/v3.01/bin/bin/../../lib/gcc/pic32mx/8.3.1/libgcc.a(_divdi3.o)
 .debug_ranges  0x00000000000001d0       0xd0 /Applications/microchip/xc32/v3.01/bin/bin/../../lib/gcc/pic32mx/8.3.1/libgcc.a(_udivdi3.o)
 .debug_ranges  0x00000000000002a0       0xa0 /Applications/microchip/xc32/v3.01/bin/bin/../../lib/gcc/pic32mx/8.3.1/libgcc.a(_umoddi3.o)
 .debug_ranges  0x0000000000000340       0x58 /Applications/microchip/xc32/v3.01/bin/bin/../../lib/gcc/pic32mx/8.3.1/../../../../pic32mx/lib/libpic32.a(sbrk.o)
 .debug_ranges  0x0000000000000398       0x10 /Applications/microchip/xc32/v3.01/bin/bin/../../lib/gcc/pic32mx/8.3.1/../../../../pic32mx/lib/libpic32.a(_exit.o)
 .debug_ranges  0x00000000000003a8       0x10 /Applications/microchip/xc32/v3.01/bin/bin/../../lib/gcc/pic32mx/8.3.1/../../../../pic32mx/lib/libpic32.a(isatty.o)
 .debug_ranges  0x00000000000003b8       0x10 /Applications/microchip/xc32/v3.01/bin/bin/../../lib/gcc/pic32mx/8.3.1/../../../../pic32mx/lib/libpic32.a(_mon_getc.o)
 .debug_ranges  0x00000000000003c8       0x10 /Applications/microchip/xc32/v3.01/bin/bin/../../lib/gcc/pic32mx/8.3.1/../../../../pic32mx/lib/libpic32.a(_mon_write.o)
 .debug_ranges  0x00000000000003d8       0x10 /Applications/microchip/xc32/v3.01/bin/bin/../../lib/gcc/pic32mx/8.3.1/../../../../pic32mx/lib/libpic32.a(_mon_putc.o)

.gnu.attributes
                0x0000000000000000       0x10
 *(.gnu.attributes)
 .gnu.attributes
                0x0000000000000000       0x10 /Applications/microchip/xc32/v3.01/bin/bin/../../lib/gcc/pic32mx/8.3.1/../../../../pic32mx/lib/debug-exception-return.o
 .gnu.attributes
                0x0000000000000010       0x10 NU32.o
 .gnu.attributes
                0x0000000000000020       0x10 OC_PWMhw.o
 .gnu.attributes
                0x0000000000000030       0x10 /Applications/microchip/xc32/v3.01/bin/bin/../../lib/gcc/pic32mx/8.3.1/../../../../pic32mx/lib/./proc/32MX795F512H/processor.o
 .gnu.attributes
                0x0000000000000040       0x10 /var/folders/rl/v0l0t_251jb45gqjr4s1vn500000gn/T//ccLOfaXS.o
 .gnu.attributes
                0x0000000000000050       0x10 /var/folders/rl/v0l0t_251jb45gqjr4s1vn500000gn/T//ccdlCYbV.o
 .gnu.attributes
                0x0000000000000060       0x10 /var/folders/rl/v0l0t_251jb45gqjr4s1vn500000gn/T//ccBwu1Sn.o
 .gnu.attributes
                0x0000000000000070       0x10 /Applications/microchip/xc32/v3.01/bin/bin/../../lib/gcc/pic32mx/8.3.1/../../../../pic32mx/lib/./proc/32MX795F512H/default_isr_vectors.o
 .gnu.attributes
                0x0000000000000080       0x10 /Applications/microchip/xc32/v3.01/bin/bin/../../lib/gcc/pic32mx/8.3.1/../../../../pic32mx/lib/pic32_software_reset.o
 .gnu.attributes
                0x0000000000000090       0x10 /Applications/microchip/xc32/v3.01/bin/bin/../../lib/gcc/pic32mx/8.3.1/libgcc.a(floatunsidf.o)
 .gnu.attributes
                0x00000000000000a0       0x10 /Applications/microchip/xc32/v3.01/bin/bin/../../lib/gcc/pic32mx/8.3.1/../../../../pic32mx/lib/libpic32.a(default-bootstrap-exception-handler.o)
 .gnu.attributes
                0x00000000000000b0       0x10 /Applications/microchip/xc32/v3.01/bin/bin/../../lib/gcc/pic32mx/8.3.1/../../../../pic32mx/lib/libpic32.a(default-on-reset.o)
 .gnu.attributes
                0x00000000000000c0       0x10 /Applications/microchip/xc32/v3.01/bin/bin/../../lib/gcc/pic32mx/8.3.1/../../../../pic32mx/lib/libpic32.a(default-on-bootstrap.o)
 .gnu.attributes
                0x00000000000000d0       0x10 /Applications/microchip/xc32/v3.01/bin/bin/../../lib/gcc/pic32mx/8.3.1/../../../../pic32mx/lib/libpic32.a(default-nmi-handler.o)
 .gnu.attributes
                0x00000000000000e0       0x10 /Applications/microchip/xc32/v3.01/bin/bin/../../lib/gcc/pic32mx/8.3.1/../../../../pic32mx/lib/libpic32.a(pic32_data_init.o)
 .gnu.attributes
                0x00000000000000f0       0x10 /Applications/microchip/xc32/v3.01/bin/bin/../../lib/gcc/pic32mx/8.3.1/../../../../pic32mx/lib/libpic32.a(general-exception.o)
 .gnu.attributes
                0x0000000000000100       0x10 /Applications/microchip/xc32/v3.01/bin/bin/../../lib/gcc/pic32mx/8.3.1/../../../../pic32mx/lib/libpic32.a(vector0.o)
 .gnu.attributes
                0x0000000000000110       0x10 /Applications/microchip/xc32/v3.01/bin/bin/../../lib/gcc/pic32mx/8.3.1/../../../../pic32mx/lib/libpic32.a(vector1.o)
 .gnu.attributes
                0x0000000000000120       0x10 /Applications/microchip/xc32/v3.01/bin/bin/../../lib/gcc/pic32mx/8.3.1/../../../../pic32mx/lib/libpic32.a(vector2.o)
 .gnu.attributes
                0x0000000000000130       0x10 /Applications/microchip/xc32/v3.01/bin/bin/../../lib/gcc/pic32mx/8.3.1/../../../../pic32mx/lib/libpic32.a(vector3.o)
 .gnu.attributes
                0x0000000000000140       0x10 /Applications/microchip/xc32/v3.01/bin/bin/../../lib/gcc/pic32mx/8.3.1/../../../../pic32mx/lib/libpic32.a(vector4.o)
 .gnu.attributes
                0x0000000000000150       0x10 /Applications/microchip/xc32/v3.01/bin/bin/../../lib/gcc/pic32mx/8.3.1/../../../../pic32mx/lib/libpic32.a(vector5.o)
 .gnu.attributes
                0x0000000000000160       0x10 /Applications/microchip/xc32/v3.01/bin/bin/../../lib/gcc/pic32mx/8.3.1/../../../../pic32mx/lib/libpic32.a(vector6.o)
 .gnu.attributes
                0x0000000000000170       0x10 /Applications/microchip/xc32/v3.01/bin/bin/../../lib/gcc/pic32mx/8.3.1/../../../../pic32mx/lib/libpic32.a(vector7.o)
 .gnu.attributes
                0x0000000000000180       0x10 /Applications/microchip/xc32/v3.01/bin/bin/../../lib/gcc/pic32mx/8.3.1/../../../../pic32mx/lib/libpic32.a(vector9.o)
 .gnu.attributes
                0x0000000000000190       0x10 /Applications/microchip/xc32/v3.01/bin/bin/../../lib/gcc/pic32mx/8.3.1/../../../../pic32mx/lib/libpic32.a(vector10.o)
 .gnu.attributes
                0x00000000000001a0       0x10 /Applications/microchip/xc32/v3.01/bin/bin/../../lib/gcc/pic32mx/8.3.1/../../../../pic32mx/lib/libpic32.a(vector11.o)
 .gnu.attributes
                0x00000000000001b0       0x10 /Applications/microchip/xc32/v3.01/bin/bin/../../lib/gcc/pic32mx/8.3.1/../../../../pic32mx/lib/libpic32.a(vector12.o)
 .gnu.attributes
                0x00000000000001c0       0x10 /Applications/microchip/xc32/v3.01/bin/bin/../../lib/gcc/pic32mx/8.3.1/../../../../pic32mx/lib/libpic32.a(vector13.o)
 .gnu.attributes
                0x00000000000001d0       0x10 /Applications/microchip/xc32/v3.01/bin/bin/../../lib/gcc/pic32mx/8.3.1/../../../../pic32mx/lib/libpic32.a(vector14.o)
 .gnu.attributes
                0x00000000000001e0       0x10 /Applications/microchip/xc32/v3.01/bin/bin/../../lib/gcc/pic32mx/8.3.1/../../../../pic32mx/lib/libpic32.a(vector15.o)
 .gnu.attributes
                0x00000000000001f0       0x10 /Applications/microchip/xc32/v3.01/bin/bin/../../lib/gcc/pic32mx/8.3.1/../../../../pic32mx/lib/libpic32.a(vector16.o)
 .gnu.attributes
                0x0000000000000200       0x10 /Applications/microchip/xc32/v3.01/bin/bin/../../lib/gcc/pic32mx/8.3.1/../../../../pic32mx/lib/libpic32.a(vector17.o)
 .gnu.attributes
                0x0000000000000210       0x10 /Applications/microchip/xc32/v3.01/bin/bin/../../lib/gcc/pic32mx/8.3.1/../../../../pic32mx/lib/libpic32.a(vector18.o)
 .gnu.attributes
                0x0000000000000220       0x10 /Applications/microchip/xc32/v3.01/bin/bin/../../lib/gcc/pic32mx/8.3.1/../../../../pic32mx/lib/libpic32.a(vector19.o)
 .gnu.attributes
                0x0000000000000230       0x10 /Applications/microchip/xc32/v3.01/bin/bin/../../lib/gcc/pic32mx/8.3.1/../../../../pic32mx/lib/libpic32.a(vector20.o)
 .gnu.attributes
                0x0000000000000240       0x10 /Applications/microchip/xc32/v3.01/bin/bin/../../lib/gcc/pic32mx/8.3.1/../../../../pic32mx/lib/libpic32.a(vector21.o)
 .gnu.attributes
                0x0000000000000250       0x10 /Applications/microchip/xc32/v3.01/bin/bin/../../lib/gcc/pic32mx/8.3.1/../../../../pic32mx/lib/libpic32.a(vector22.o)
 .gnu.attributes
                0x0000000000000260       0x10 /Applications/microchip/xc32/v3.01/bin/bin/../../lib/gcc/pic32mx/8.3.1/../../../../pic32mx/lib/libpic32.a(vector23.o)
 .gnu.attributes
                0x0000000000000270       0x10 /Applications/microchip/xc32/v3.01/bin/bin/../../lib/gcc/pic32mx/8.3.1/../../../../pic32mx/lib/libpic32.a(vector24.o)
 .gnu.attributes
                0x0000000000000280       0x10 /Applications/microchip/xc32/v3.01/bin/bin/../../lib/gcc/pic32mx/8.3.1/../../../../pic32mx/lib/libpic32.a(vector25.o)
 .gnu.attributes
                0x0000000000000290       0x10 /Applications/microchip/xc32/v3.01/bin/bin/../../lib/gcc/pic32mx/8.3.1/../../../../pic32mx/lib/libpic32.a(vector26.o)
 .gnu.attributes
                0x00000000000002a0       0x10 /Applications/microchip/xc32/v3.01/bin/bin/../../lib/gcc/pic32mx/8.3.1/../../../../pic32mx/lib/libpic32.a(vector27.o)
 .gnu.attributes
                0x00000000000002b0       0x10 /Applications/microchip/xc32/v3.01/bin/bin/../../lib/gcc/pic32mx/8.3.1/../../../../pic32mx/lib/libpic32.a(vector28.o)
 .gnu.attributes
                0x00000000000002c0       0x10 /Applications/microchip/xc32/v3.01/bin/bin/../../lib/gcc/pic32mx/8.3.1/../../../../pic32mx/lib/libpic32.a(vector29.o)
 .gnu.attributes
                0x00000000000002d0       0x10 /Applications/microchip/xc32/v3.01/bin/bin/../../lib/gcc/pic32mx/8.3.1/../../../../pic32mx/lib/libpic32.a(vector30.o)
 .gnu.attributes
                0x00000000000002e0       0x10 /Applications/microchip/xc32/v3.01/bin/bin/../../lib/gcc/pic32mx/8.3.1/../../../../pic32mx/lib/libpic32.a(vector31.o)
 .gnu.attributes
                0x00000000000002f0       0x10 /Applications/microchip/xc32/v3.01/bin/bin/../../lib/gcc/pic32mx/8.3.1/../../../../pic32mx/lib/libpic32.a(vector32.o)
 .gnu.attributes
                0x0000000000000300       0x10 /Applications/microchip/xc32/v3.01/bin/bin/../../lib/gcc/pic32mx/8.3.1/../../../../pic32mx/lib/libpic32.a(vector33.o)
 .gnu.attributes
                0x0000000000000310       0x10 /Applications/microchip/xc32/v3.01/bin/bin/../../lib/gcc/pic32mx/8.3.1/../../../../pic32mx/lib/libpic32.a(vector34.o)
 .gnu.attributes
                0x0000000000000320       0x10 /Applications/microchip/xc32/v3.01/bin/bin/../../lib/gcc/pic32mx/8.3.1/../../../../pic32mx/lib/libpic32.a(vector35.o)
 .gnu.attributes
                0x0000000000000330       0x10 /Applications/microchip/xc32/v3.01/bin/bin/../../lib/gcc/pic32mx/8.3.1/../../../../pic32mx/lib/libpic32.a(vector36.o)
 .gnu.attributes
                0x0000000000000340       0x10 /Applications/microchip/xc32/v3.01/bin/bin/../../lib/gcc/pic32mx/8.3.1/../../../../pic32mx/lib/libpic32.a(vector37.o)
 .gnu.attributes
                0x0000000000000350       0x10 /Applications/microchip/xc32/v3.01/bin/bin/../../lib/gcc/pic32mx/8.3.1/../../../../pic32mx/lib/libpic32.a(vector38.o)
 .gnu.attributes
                0x0000000000000360       0x10 /Applications/microchip/xc32/v3.01/bin/bin/../../lib/gcc/pic32mx/8.3.1/../../../../pic32mx/lib/libpic32.a(vector39.o)
 .gnu.attributes
                0x0000000000000370       0x10 /Applications/microchip/xc32/v3.01/bin/bin/../../lib/gcc/pic32mx/8.3.1/../../../../pic32mx/lib/libpic32.a(vector40.o)
 .gnu.attributes
                0x0000000000000380       0x10 /Applications/microchip/xc32/v3.01/bin/bin/../../lib/gcc/pic32mx/8.3.1/../../../../pic32mx/lib/libpic32.a(vector41.o)
 .gnu.attributes
                0x0000000000000390       0x10 /Applications/microchip/xc32/v3.01/bin/bin/../../lib/gcc/pic32mx/8.3.1/../../../../pic32mx/lib/libpic32.a(vector42.o)
 .gnu.attributes
                0x00000000000003a0       0x10 /Applications/microchip/xc32/v3.01/bin/bin/../../lib/gcc/pic32mx/8.3.1/../../../../pic32mx/lib/libpic32.a(vector43.o)
 .gnu.attributes
                0x00000000000003b0       0x10 /Applications/microchip/xc32/v3.01/bin/bin/../../lib/gcc/pic32mx/8.3.1/../../../../pic32mx/lib/libpic32.a(vector44.o)
 .gnu.attributes
                0x00000000000003c0       0x10 /Applications/microchip/xc32/v3.01/bin/bin/../../lib/gcc/pic32mx/8.3.1/../../../../pic32mx/lib/libpic32.a(vector45.o)
 .gnu.attributes
                0x00000000000003d0       0x10 /Applications/microchip/xc32/v3.01/bin/bin/../../lib/gcc/pic32mx/8.3.1/../../../../pic32mx/lib/libpic32.a(vector46.o)
 .gnu.attributes
                0x00000000000003e0       0x10 /Applications/microchip/xc32/v3.01/bin/bin/../../lib/gcc/pic32mx/8.3.1/../../../../pic32mx/lib/libpic32.a(vector47.o)
 .gnu.attributes
                0x00000000000003f0       0x10 /Applications/microchip/xc32/v3.01/bin/bin/../../lib/gcc/pic32mx/8.3.1/../../../../pic32mx/lib/libpic32.a(vector48.o)
 .gnu.attributes
                0x0000000000000400       0x10 /Applications/microchip/xc32/v3.01/bin/bin/../../lib/gcc/pic32mx/8.3.1/../../../../pic32mx/lib/libpic32.a(vector49.o)
 .gnu.attributes
                0x0000000000000410       0x10 /Applications/microchip/xc32/v3.01/bin/bin/../../lib/gcc/pic32mx/8.3.1/../../../../pic32mx/lib/libpic32.a(vector50.o)
 .gnu.attributes
                0x0000000000000420       0x10 /Applications/microchip/xc32/v3.01/bin/bin/../../lib/gcc/pic32mx/8.3.1/../../../../pic32mx/lib/libpic32.a(vector51.o)
 .gnu.attributes
                0x0000000000000430       0x10 /Applications/microchip/xc32/v3.01/bin/bin/../../lib/gcc/pic32mx/8.3.1/../../../../pic32mx/lib/libpic32.a(default-general-exception-handler.o)
 .gnu.attributes
                0x0000000000000440       0x10 /Applications/microchip/xc32/v3.01/bin/bin/../../lib/gcc/pic32mx/8.3.1/../../../../pic32mx/lib/libpic32.a(defaultinterrupt.o)
 .gnu.attributes
                0x0000000000000450       0x10 /Applications/microchip/xc32/v3.01/bin/bin/../../lib/gcc/pic32mx/8.3.1/../../../../pic32mx/lib/liblega-c.a(sprintf_cdnopuxX.eo)
 .gnu.attributes
                0x0000000000000460       0x10 /Applications/microchip/xc32/v3.01/bin/bin/../../lib/gcc/pic32mx/8.3.1/../../../../pic32mx/lib/liblega-c.a(sscanf_fF.eo)
 .gnu.attributes
                0x0000000000000470       0x10 /Applications/microchip/xc32/v3.01/bin/bin/../../lib/gcc/pic32mx/8.3.1/../../../../pic32mx/lib/liblega-c.a(strlen.o)
 .gnu.attributes
                0x0000000000000480       0x10 /Applications/microchip/xc32/v3.01/bin/bin/../../lib/gcc/pic32mx/8.3.1/../../../../pic32mx/lib/liblega-c.a(_doprnt_cdnopuxX.eo)
 .gnu.attributes
                0x0000000000000490       0x10 /Applications/microchip/xc32/v3.01/bin/bin/../../lib/gcc/pic32mx/8.3.1/../../../../pic32mx/lib/liblega-c.a(_iobdata.o)
 .gnu.attributes
                0x00000000000004a0       0x10 /Applications/microchip/xc32/v3.01/bin/bin/../../lib/gcc/pic32mx/8.3.1/../../../../pic32mx/lib/liblega-c.a(_iobfuncs.o)
 .gnu.attributes
                0x00000000000004b0       0x10 /Applications/microchip/xc32/v3.01/bin/bin/../../lib/gcc/pic32mx/8.3.1/../../../../pic32mx/lib/liblega-c.a(_iobstring.o)
 .gnu.attributes
                0x00000000000004c0       0x10 /Applications/microchip/xc32/v3.01/bin/bin/../../lib/gcc/pic32mx/8.3.1/../../../../pic32mx/lib/liblega-c.a(fputc.o)
 .gnu.attributes
                0x00000000000004d0       0x10 /Applications/microchip/xc32/v3.01/bin/bin/../../lib/gcc/pic32mx/8.3.1/../../../../pic32mx/lib/liblega-c.a(_doscan.o)
 .gnu.attributes
                0x00000000000004e0       0x10 /Applications/microchip/xc32/v3.01/bin/bin/../../lib/gcc/pic32mx/8.3.1/../../../../pic32mx/lib/liblega-c.a(stubs.o)
 .gnu.attributes
                0x00000000000004f0       0x10 /Applications/microchip/xc32/v3.01/bin/bin/../../lib/gcc/pic32mx/8.3.1/../../../../pic32mx/lib/liblega-c.a(strchr.o)
 .gnu.attributes
                0x0000000000000500       0x10 /Applications/microchip/xc32/v3.01/bin/bin/../../lib/gcc/pic32mx/8.3.1/../../../../pic32mx/lib/liblega-c.a(memcpy.o)
 .gnu.attributes
                0x0000000000000510       0x10 /Applications/microchip/xc32/v3.01/bin/bin/../../lib/gcc/pic32mx/8.3.1/../../../../pic32mx/lib/liblega-c.a(memset.o)
 .gnu.attributes
                0x0000000000000520       0x10 /Applications/microchip/xc32/v3.01/bin/bin/../../lib/gcc/pic32mx/8.3.1/../../../../pic32mx/lib/liblega-c.a(ctype.o)
 .gnu.attributes
                0x0000000000000530       0x10 /Applications/microchip/xc32/v3.01/bin/bin/../../lib/gcc/pic32mx/8.3.1/../../../../pic32mx/lib/liblega-c.a(malloc.o)
 .gnu.attributes
                0x0000000000000540       0x10 /Applications/microchip/xc32/v3.01/bin/bin/../../lib/gcc/pic32mx/8.3.1/../../../../pic32mx/lib/liblega-c.a(malloc_realloc.o)
 .gnu.attributes
                0x0000000000000550       0x10 /Applications/microchip/xc32/v3.01/bin/bin/../../lib/gcc/pic32mx/8.3.1/../../../../pic32mx/lib/liblega-c.a(errno.o)
 .gnu.attributes
                0x0000000000000560       0x10 /Applications/microchip/xc32/v3.01/bin/bin/../../lib/gcc/pic32mx/8.3.1/../../../../pic32mx/lib/liblega-c.a(strtol.o)
 .gnu.attributes
                0x0000000000000570       0x10 /Applications/microchip/xc32/v3.01/bin/bin/../../lib/gcc/pic32mx/8.3.1/../../../../pic32mx/lib/liblega-c.a(strtoul.o)
 .gnu.attributes
                0x0000000000000580       0x10 /Applications/microchip/xc32/v3.01/bin/bin/../../lib/gcc/pic32mx/8.3.1/../../../../pic32mx/lib/liblega-c.a(strtoll.o)
 .gnu.attributes
                0x0000000000000590       0x10 /Applications/microchip/xc32/v3.01/bin/bin/../../lib/gcc/pic32mx/8.3.1/../../../../pic32mx/lib/liblega-c.a(strtoull.o)
 .gnu.attributes
                0x00000000000005a0       0x10 /Applications/microchip/xc32/v3.01/bin/bin/../../lib/gcc/pic32mx/8.3.1/../../../../pic32mx/lib/liblega-c.a(strtod.o)
 .gnu.attributes
                0x00000000000005b0       0x10 /Applications/microchip/xc32/v3.01/bin/bin/../../lib/gcc/pic32mx/8.3.1/../../../../pic32mx/lib/liblega-c.a(strtof.o)
 .gnu.attributes
                0x00000000000005c0       0x10 /Applications/microchip/xc32/v3.01/bin/bin/../../lib/gcc/pic32mx/8.3.1/../../../../pic32mx/lib/liblega-c.a(fullexit.o)
 .gnu.attributes
                0x00000000000005d0       0x10 /Applications/microchip/xc32/v3.01/bin/bin/../../lib/gcc/pic32mx/8.3.1/../../../../pic32mx/lib/liblega-c.a(fgetc.o)
 .gnu.attributes
                0x00000000000005e0       0x10 /Applications/microchip/xc32/v3.01/bin/bin/../../lib/gcc/pic32mx/8.3.1/../../../../pic32mx/lib/liblega-c.a(ungetc.o)
 .gnu.attributes
                0x00000000000005f0       0x10 /Applications/microchip/xc32/v3.01/bin/bin/../../lib/gcc/pic32mx/8.3.1/../../../../pic32mx/lib/liblega-c.a(memmove.o)
 .gnu.attributes
                0x0000000000000600       0x10 /Applications/microchip/xc32/v3.01/bin/bin/../../lib/gcc/pic32mx/8.3.1/../../../../pic32mx/lib/liblega-c.a(_ioinit.o)
 .gnu.attributes
                0x0000000000000610       0x10 /Applications/microchip/xc32/v3.01/bin/bin/../../lib/gcc/pic32mx/8.3.1/../../../../pic32mx/lib/liblega-c.a(_cleanup.o)
 .gnu.attributes
                0x0000000000000620       0x10 /Applications/microchip/xc32/v3.01/bin/bin/../../lib/gcc/pic32mx/8.3.1/../../../../pic32mx/lib/liblega-c.a(_bufproc.o)
 .gnu.attributes
                0x0000000000000630       0x10 /Applications/microchip/xc32/v3.01/bin/bin/../../lib/gcc/pic32mx/8.3.1/../../../../pic32mx/lib/libm.a(dp32div.o)
 .gnu.attributes
                0x0000000000000640       0x10 /Applications/microchip/xc32/v3.01/bin/bin/../../lib/gcc/pic32mx/8.3.1/../../../../pic32mx/lib/libm.a(dp32mul.o)
 .gnu.attributes
                0x0000000000000650       0x10 /Applications/microchip/xc32/v3.01/bin/bin/../../lib/gcc/pic32mx/8.3.1/../../../../pic32mx/lib/libm.a(dp32subadd.o)
 .gnu.attributes
                0x0000000000000660       0x10 /Applications/microchip/xc32/v3.01/bin/bin/../../lib/gcc/pic32mx/8.3.1/../../../../pic32mx/lib/libm.a(dptoul.o)
 .gnu.attributes
                0x0000000000000670       0x10 /Applications/microchip/xc32/v3.01/bin/bin/../../lib/gcc/pic32mx/8.3.1/../../../../pic32mx/lib/libm.a(fp32mul.o)
 .gnu.attributes
                0x0000000000000680       0x10 /Applications/microchip/xc32/v3.01/bin/bin/../../lib/gcc/pic32mx/8.3.1/../../../../pic32mx/lib/libm.a(fp32subadd.o)
 .gnu.attributes
                0x0000000000000690       0x10 /Applications/microchip/xc32/v3.01/bin/bin/../../lib/gcc/pic32mx/8.3.1/../../../../pic32mx/lib/libm.a(fpcmp.o)
 .gnu.attributes
                0x00000000000006a0       0x10 /Applications/microchip/xc32/v3.01/bin/bin/../../lib/gcc/pic32mx/8.3.1/../../../../pic32mx/lib/libm.a(fptodp.o)
 .gnu.attributes
                0x00000000000006b0       0x10 /Applications/microchip/xc32/v3.01/bin/bin/../../lib/gcc/pic32mx/8.3.1/../../../../pic32mx/lib/libm.a(fptoli.o)
 .gnu.attributes
                0x00000000000006c0       0x10 /Applications/microchip/xc32/v3.01/bin/bin/../../lib/gcc/pic32mx/8.3.1/../../../../pic32mx/lib/libm.a(litodp.o)
 .gnu.attributes
                0x00000000000006d0       0x10 /Applications/microchip/xc32/v3.01/bin/bin/../../lib/gcc/pic32mx/8.3.1/../../../../pic32mx/lib/libm.a(sitofp.o)
 .gnu.attributes
                0x00000000000006e0       0x10 /Applications/microchip/xc32/v3.01/bin/bin/../../lib/gcc/pic32mx/8.3.1/../../../../pic32mx/lib/libm.a(__strtod.o)
 .gnu.attributes
                0x00000000000006f0       0x10 /Applications/microchip/xc32/v3.01/bin/bin/../../lib/gcc/pic32mx/8.3.1/../../../../pic32mx/lib/libm.a(__strtof.o)
 .gnu.attributes
                0x0000000000000700       0x10 /Applications/microchip/xc32/v3.01/bin/bin/../../lib/gcc/pic32mx/8.3.1/../../../../pic32mx/lib/libm.a(fp32div.o)
 .gnu.attributes
                0x0000000000000710       0x10 /Applications/microchip/xc32/v3.01/bin/bin/../../lib/gcc/pic32mx/8.3.1/../../../../pic32mx/lib/libm.a(negdf2.o)
 .gnu.attributes
                0x0000000000000720       0x10 /Applications/microchip/xc32/v3.01/bin/bin/../../lib/gcc/pic32mx/8.3.1/../../../../pic32mx/lib/libm.a(negsf2.o)
 .gnu.attributes
                0x0000000000000730       0x10 /Applications/microchip/xc32/v3.01/bin/bin/../../lib/gcc/pic32mx/8.3.1/../../../../pic32mx/lib/libe.a(_ldexp.o)
 .gnu.attributes
                0x0000000000000740       0x10 /Applications/microchip/xc32/v3.01/bin/bin/../../lib/gcc/pic32mx/8.3.1/../../../../pic32mx/lib/libe.a(_ldexpf.o)
 .gnu.attributes
                0x0000000000000750       0x10 /Applications/microchip/xc32/v3.01/bin/bin/../../lib/gcc/pic32mx/8.3.1/libgcc.a(_divdi3.o)
 .gnu.attributes
                0x0000000000000760       0x10 /Applications/microchip/xc32/v3.01/bin/bin/../../lib/gcc/pic32mx/8.3.1/libgcc.a(_udivdi3.o)
 .gnu.attributes
                0x0000000000000770       0x10 /Applications/microchip/xc32/v3.01/bin/bin/../../lib/gcc/pic32mx/8.3.1/libgcc.a(_umoddi3.o)
 .gnu.attributes
                0x0000000000000780       0x10 /Applications/microchip/xc32/v3.01/bin/bin/../../lib/gcc/pic32mx/8.3.1/../../../../pic32mx/lib/libpic32.a(sbrk.o)
 .gnu.attributes
                0x0000000000000790       0x10 /Applications/microchip/xc32/v3.01/bin/bin/../../lib/gcc/pic32mx/8.3.1/../../../../pic32mx/lib/libpic32.a(_exit.o)
 .gnu.attributes
                0x00000000000007a0       0x10 /Applications/microchip/xc32/v3.01/bin/bin/../../lib/gcc/pic32mx/8.3.1/../../../../pic32mx/lib/libpic32.a(isatty.o)
 .gnu.attributes
                0x00000000000007b0       0x10 /Applications/microchip/xc32/v3.01/bin/bin/../../lib/gcc/pic32mx/8.3.1/../../../../pic32mx/lib/libpic32.a(_mon_getc.o)
 .gnu.attributes
                0x00000000000007c0       0x10 /Applications/microchip/xc32/v3.01/bin/bin/../../lib/gcc/pic32mx/8.3.1/../../../../pic32mx/lib/libpic32.a(_mon_write.o)
 .gnu.attributes
                0x00000000000007d0       0x10 /Applications/microchip/xc32/v3.01/bin/bin/../../lib/gcc/pic32mx/8.3.1/../../../../pic32mx/lib/libpic32.a(xc32_uart.o)
 .gnu.attributes
                0x00000000000007e0       0x10 /Applications/microchip/xc32/v3.01/bin/bin/../../lib/gcc/pic32mx/8.3.1/../../../../pic32mx/lib/libpic32.a(_mon_putc.o)
LOAD /var/folders/rl/v0l0t_251jb45gqjr4s1vn500000gn/T//ccLOfaXS.o
LOAD /var/folders/rl/v0l0t_251jb45gqjr4s1vn500000gn/T//ccdlCYbV.o
LOAD /var/folders/rl/v0l0t_251jb45gqjr4s1vn500000gn/T//ccBwu1Sn.o
LOAD /Applications/microchip/xc32/v3.01/bin/bin/../../lib/gcc/pic32mx/8.3.1/../../../../pic32mx/lib/./proc/32MX795F512H/default_isr_vectors.o